2026-07-03 00:15:02 [http-nio-8080-exec-2] INFO  c.u.management.aspects.LoggingAspect - AOP-LOG [START]: Se execută metoda PatientService.getPatientByUsername() cu argumentele: [Ioan Popescu]
2026-07-03 00:15:02 [http-nio-8080-exec-2] DEBUG c.u.m.services.PatientService - Căutare pacient după username-ul de autentificare: Ioan Popescu
2026-07-03 00:15:02 [http-nio-8080-exec-2] INFO  c.u.management.aspects.LoggingAspect - AOP-LOG [SUCCESS]: Metoda PatientService.getPatientByUsername() s-a finalizat cu succes. Rezultat returnat: com.unibuc.management.entities.Patient@668b356b
2026-07-03 00:15:07 [http-nio-8080-exec-4] INFO  c.u.management.aspects.LoggingAspect - AOP-LOG [START]: Se execută metoda MedicalServiceService.getAllServices() cu argumentele: []
2026-07-03 00:15:07 [http-nio-8080-exec-4] DEBUG c.u.m.services.MedicalServiceService - Se preia lista completă a serviciilor medicale.
2026-07-03 00:15:07 [http-nio-8080-exec-4] INFO  c.u.management.aspects.LoggingAspect - AOP-LOG [SUCCESS]: Metoda MedicalServiceService.getAllServices() s-a finalizat cu succes. Rezultat returnat: [com.unibuc.management.entities.MedicalService@172d5adc, com.unibuc.management.entities.MedicalService@7f1bf99d, com.unibuc.management.entities.MedicalService@2b9dc86a]
2026-07-03 00:15:07 [http-nio-8080-exec-3] INFO  c.u.management.aspects.LoggingAspect - AOP-LOG [START]: Se execută metoda PatientService.getPatientByUsername() cu argumentele: [Ioan Popescu]
2026-07-03 00:15:07 [http-nio-8080-exec-3] DEBUG c.u.m.services.PatientService - Căutare pacient după username-ul de autentificare: Ioan Popescu
2026-07-03 00:15:07 [http-nio-8080-exec-3] INFO  c.u.management.aspects.LoggingAspect - AOP-LOG [SUCCESS]: Metoda PatientService.getPatientByUsername() s-a finalizat cu succes. Rezultat returnat: com.unibuc.management.entities.Patient@6cb46132
2026-07-03 00:15:07 [http-nio-8080-exec-3] INFO  c.u.management.aspects.LoggingAspect - AOP-LOG [START]: Se execută metoda AppointmentService.getAppointmentsByPatientIdPaged() cu argumentele: [1, Page request [number: 0, size 5, sort: appointmentFrom: ASC]]
2026-07-03 00:15:07 [http-nio-8080-exec-3] DEBUG c.u.m.services.AppointmentService - Preluare paginată a programărilor pentru pacientul ID: 1
2026-07-03 00:15:07 [http-nio-8080-exec-5] INFO  c.u.management.aspects.LoggingAspect - AOP-LOG [START]: Se execută metoda MedicalServiceService.getAllServices() cu argumentele: []
2026-07-03 00:15:07 [http-nio-8080-exec-5] DEBUG c.u.m.services.MedicalServiceService - Se preia lista completă a serviciilor medicale.
2026-07-03 00:15:07 [http-nio-8080-exec-5] INFO  c.u.management.aspects.LoggingAspect - AOP-LOG [SUCCESS]: Metoda MedicalServiceService.getAllServices() s-a finalizat cu succes. Rezultat returnat: [com.unibuc.management.entities.MedicalService@2acfae5, com.unibuc.management.entities.MedicalService@3517bf09, com.unibuc.management.entities.MedicalService@6db04137]
2026-07-03 00:15:07 [http-nio-8080-exec-3] INFO  c.u.management.aspects.LoggingAspect - AOP-LOG [SUCCESS]: Metoda AppointmentService.getAppointmentsByPatientIdPaged() s-a finalizat cu succes. Rezultat returnat: Page 1 of 3 containing com.unibuc.management.entities.Appointment instances
2026-07-03 00:15:07 [http-nio-8080-exec-3] WARN  o.s.d.w.c.SpringDataJacksonConfiguration$PageModule$WarningLoggingModifier - Serializing PageImpl instances as-is is not supported, meaning that there is no guarantee about the stability of the resulting JSON structure!
	For a stable JSON structure, please use Spring Data's PagedModel (globally via @EnableSpringDataWebSupport(pageSerializationMode = VIA_DTO))
	or Spring HATEOAS and Spring Data's PagedResourcesAssembler as documented in https://docs.spring.io/spring-data/commons/reference/repositories/core-extensions.html#core.web.pageables.

2026-07-03 00:15:07 [http-nio-8080-exec-7] INFO  c.u.management.aspects.LoggingAspect - AOP-LOG [START]: Se execută metoda PatientService.getPatientByUsername() cu argumentele: [Ioan Popescu]
2026-07-03 00:15:07 [http-nio-8080-exec-7] DEBUG c.u.m.services.PatientService - Căutare pacient după username-ul de autentificare: Ioan Popescu
2026-07-03 00:15:07 [http-nio-8080-exec-7] INFO  c.u.management.aspects.LoggingAspect - AOP-LOG [SUCCESS]: Metoda PatientService.getPatientByUsername() s-a finalizat cu succes. Rezultat returnat: com.unibuc.management.entities.Patient@40e8181e
2026-07-03 00:15:07 [http-nio-8080-exec-7] INFO  c.u.management.aspects.LoggingAspect - AOP-LOG [START]: Se execută metoda AppointmentService.getAppointmentsByPatientIdPaged() cu argumentele: [1, Page request [number: 0, size 5, sort: appointmentFrom: ASC]]
2026-07-03 00:15:07 [http-nio-8080-exec-7] DEBUG c.u.m.services.AppointmentService - Preluare paginată a programărilor pentru pacientul ID: 1
2026-07-03 00:15:07 [http-nio-8080-exec-7] INFO  c.u.management.aspects.LoggingAspect - AOP-LOG [SUCCESS]: Metoda AppointmentService.getAppointmentsByPatientIdPaged() s-a finalizat cu succes. Rezultat returnat: Page 1 of 3 containing com.unibuc.management.entities.Appointment instances
2026-07-03 00:15:56 [http-nio-8080-exec-6] INFO  c.u.management.aspects.LoggingAspect - AOP-LOG [START]: Se execută metoda MedicalServiceService.getAllServices() cu argumentele: []
2026-07-03 00:15:56 [http-nio-8080-exec-6] DEBUG c.u.m.services.MedicalServiceService - Se preia lista completă a serviciilor medicale.
2026-07-03 00:15:56 [http-nio-8080-exec-8] INFO  c.u.management.aspects.LoggingAspect - AOP-LOG [START]: Se execută metoda PatientService.getPatientByUsername() cu argumentele: [Ioan Popescu]
2026-07-03 00:15:56 [http-nio-8080-exec-8] DEBUG c.u.m.services.PatientService - Căutare pacient după username-ul de autentificare: Ioan Popescu
2026-07-03 00:15:56 [http-nio-8080-exec-6] INFO  c.u.management.aspects.LoggingAspect - AOP-LOG [SUCCESS]: Metoda MedicalServiceService.getAllServices() s-a finalizat cu succes. Rezultat returnat: [com.unibuc.management.entities.MedicalService@12a4a478, com.unibuc.management.entities.MedicalService@49f126b1, com.unibuc.management.entities.MedicalService@1367d56b]
2026-07-03 00:15:56 [http-nio-8080-exec-8] INFO  c.u.management.aspects.LoggingAspect - AOP-LOG [SUCCESS]: Metoda PatientService.getPatientByUsername() s-a finalizat cu succes. Rezultat returnat: com.unibuc.management.entities.Patient@12871238
2026-07-03 00:15:56 [http-nio-8080-exec-8] INFO  c.u.management.aspects.LoggingAspect - AOP-LOG [START]: Se execută metoda AppointmentService.getAppointmentsByPatientIdPaged() cu argumentele: [1, Page request [number: 0, size 5, sort: appointmentFrom: ASC]]
2026-07-03 00:15:56 [http-nio-8080-exec-8] DEBUG c.u.m.services.AppointmentService - Preluare paginată a programărilor pentru pacientul ID: 1
2026-07-03 00:15:56 [http-nio-8080-exec-9] INFO  c.u.management.aspects.LoggingAspect - AOP-LOG [START]: Se execută metoda MedicalServiceService.getAllServices() cu argumentele: []
2026-07-03 00:15:56 [http-nio-8080-exec-9] DEBUG c.u.m.services.MedicalServiceService - Se preia lista completă a serviciilor medicale.
2026-07-03 00:15:56 [http-nio-8080-exec-9] INFO  c.u.management.aspects.LoggingAspect - AOP-LOG [SUCCESS]: Metoda MedicalServiceService.getAllServices() s-a finalizat cu succes. Rezultat returnat: [com.unibuc.management.entities.MedicalService@547c863c, com.unibuc.management.entities.MedicalService@443feeb8, com.unibuc.management.entities.MedicalService@61a4d2dd]
2026-07-03 00:15:56 [http-nio-8080-exec-8] INFO  c.u.management.aspects.LoggingAspect - AOP-LOG [SUCCESS]: Metoda AppointmentService.getAppointmentsByPatientIdPaged() s-a finalizat cu succes. Rezultat returnat: Page 1 of 3 containing com.unibuc.management.entities.Appointment instances
2026-07-03 00:15:56 [http-nio-8080-exec-10] INFO  c.u.management.aspects.LoggingAspect - AOP-LOG [START]: Se execută metoda PatientService.getPatientByUsername() cu argumentele: [Ioan Popescu]
2026-07-03 00:15:56 [http-nio-8080-exec-10] DEBUG c.u.m.services.PatientService - Căutare pacient după username-ul de autentificare: Ioan Popescu
2026-07-03 00:15:56 [http-nio-8080-exec-10] INFO  c.u.management.aspects.LoggingAspect - AOP-LOG [SUCCESS]: Metoda PatientService.getPatientByUsername() s-a finalizat cu succes. Rezultat returnat: com.unibuc.management.entities.Patient@233c46a2
2026-07-03 00:15:56 [http-nio-8080-exec-10] INFO  c.u.management.aspects.LoggingAspect - AOP-LOG [START]: Se execută metoda AppointmentService.getAppointmentsByPatientIdPaged() cu argumentele: [1, Page request [number: 0, size 5, sort: appointmentFrom: ASC]]
2026-07-03 00:15:56 [http-nio-8080-exec-10] DEBUG c.u.m.services.AppointmentService - Preluare paginată a programărilor pentru pacientul ID: 1
2026-07-03 00:15:56 [http-nio-8080-exec-10] INFO  c.u.management.aspects.LoggingAspect - AOP-LOG [SUCCESS]: Metoda AppointmentService.getAppointmentsByPatientIdPaged() s-a finalizat cu succes. Rezultat returnat: Page 1 of 3 containing com.unibuc.management.entities.Appointment instances
2026-07-03 00:16:02 [http-nio-8080-exec-2] INFO  c.u.management.aspects.LoggingAspect - AOP-LOG [START]: Se execută metoda MedicalServiceService.getAllServices() cu argumentele: []
2026-07-03 00:16:02 [http-nio-8080-exec-2] DEBUG c.u.m.services.MedicalServiceService - Se preia lista completă a serviciilor medicale.
2026-07-03 00:16:02 [http-nio-8080-exec-1] INFO  c.u.management.aspects.LoggingAspect - AOP-LOG [START]: Se execută metoda PatientService.getPatientByUsername() cu argumentele: [Ioan Popescu]
2026-07-03 00:16:02 [http-nio-8080-exec-1] DEBUG c.u.m.services.PatientService - Căutare pacient după username-ul de autentificare: Ioan Popescu
2026-07-03 00:16:02 [http-nio-8080-exec-2] INFO  c.u.management.aspects.LoggingAspect - AOP-LOG [SUCCESS]: Metoda MedicalServiceService.getAllServices() s-a finalizat cu succes. Rezultat returnat: [com.unibuc.management.entities.MedicalService@29aa8be0, com.unibuc.management.entities.MedicalService@5783fb38, com.unibuc.management.entities.MedicalService@77745ad3]
2026-07-03 00:16:02 [http-nio-8080-exec-1] INFO  c.u.management.aspects.LoggingAspect - AOP-LOG [SUCCESS]: Metoda PatientService.getPatientByUsername() s-a finalizat cu succes. Rezultat returnat: com.unibuc.management.entities.Patient@d8eb9a
2026-07-03 00:16:02 [http-nio-8080-exec-1] INFO  c.u.management.aspects.LoggingAspect - AOP-LOG [START]: Se execută metoda AppointmentService.getAppointmentsByPatientIdPaged() cu argumentele: [1, Page request [number: 0, size 5, sort: appointmentFrom: ASC]]
2026-07-03 00:16:02 [http-nio-8080-exec-1] DEBUG c.u.m.services.AppointmentService - Preluare paginată a programărilor pentru pacientul ID: 1
2026-07-03 00:16:02 [http-nio-8080-exec-1] INFO  c.u.management.aspects.LoggingAspect - AOP-LOG [SUCCESS]: Metoda AppointmentService.getAppointmentsByPatientIdPaged() s-a finalizat cu succes. Rezultat returnat: Page 1 of 3 containing com.unibuc.management.entities.Appointment instances
2026-07-03 00:16:34 [http-nio-8080-exec-5] INFO  c.u.management.aspects.LoggingAspect - AOP-LOG [START]: Se execută metoda MedicalServiceService.getAllServices() cu argumentele: []
2026-07-03 00:16:34 [http-nio-8080-exec-5] DEBUG c.u.m.services.MedicalServiceService - Se preia lista completă a serviciilor medicale.
2026-07-03 00:16:34 [http-nio-8080-exec-4] INFO  c.u.management.aspects.LoggingAspect - AOP-LOG [START]: Se execută metoda PatientService.getPatientByUsername() cu argumentele: [Ioan Popescu]
2026-07-03 00:16:34 [http-nio-8080-exec-4] DEBUG c.u.m.services.PatientService - Căutare pacient după username-ul de autentificare: Ioan Popescu
2026-07-03 00:16:34 [http-nio-8080-exec-5] INFO  c.u.management.aspects.LoggingAspect - AOP-LOG [SUCCESS]: Metoda MedicalServiceService.getAllServices() s-a finalizat cu succes. Rezultat returnat: [com.unibuc.management.entities.MedicalService@231a8761, com.unibuc.management.entities.MedicalService@4d995aea, com.unibuc.management.entities.MedicalService@43248e58]
2026-07-03 00:16:34 [http-nio-8080-exec-4] INFO  c.u.management.aspects.LoggingAspect - AOP-LOG [SUCCESS]: Metoda PatientService.getPatientByUsername() s-a finalizat cu succes. Rezultat returnat: com.unibuc.management.entities.Patient@28ad6149
2026-07-03 00:16:34 [http-nio-8080-exec-4] INFO  c.u.management.aspects.LoggingAspect - AOP-LOG [START]: Se execută metoda AppointmentService.getAppointmentsByPatientIdPaged() cu argumentele: [1, Page request [number: 0, size 5, sort: appointmentFrom: ASC]]
2026-07-03 00:16:34 [http-nio-8080-exec-4] DEBUG c.u.m.services.AppointmentService - Preluare paginată a programărilor pentru pacientul ID: 1
2026-07-03 00:16:34 [http-nio-8080-exec-3] INFO  c.u.management.aspects.LoggingAspect - AOP-LOG [START]: Se execută metoda MedicalServiceService.getAllServices() cu argumentele: []
2026-07-03 00:16:34 [http-nio-8080-exec-3] DEBUG c.u.m.services.MedicalServiceService - Se preia lista completă a serviciilor medicale.
2026-07-03 00:16:34 [http-nio-8080-exec-4] INFO  c.u.management.aspects.LoggingAspect - AOP-LOG [SUCCESS]: Metoda AppointmentService.getAppointmentsByPatientIdPaged() s-a finalizat cu succes. Rezultat returnat: Page 1 of 3 containing com.unibuc.management.entities.Appointment instances
2026-07-03 00:16:34 [http-nio-8080-exec-3] INFO  c.u.management.aspects.LoggingAspect - AOP-LOG [SUCCESS]: Metoda MedicalServiceService.getAllServices() s-a finalizat cu succes. Rezultat returnat: [com.unibuc.management.entities.MedicalService@64a53b54, com.unibuc.management.entities.MedicalService@555120d6, com.unibuc.management.entities.MedicalService@175ca178]
2026-07-03 00:16:34 [http-nio-8080-exec-7] INFO  c.u.management.aspects.LoggingAspect - AOP-LOG [START]: Se execută metoda PatientService.getPatientByUsername() cu argumentele: [Ioan Popescu]
2026-07-03 00:16:34 [http-nio-8080-exec-7] DEBUG c.u.m.services.PatientService - Căutare pacient după username-ul de autentificare: Ioan Popescu
2026-07-03 00:16:34 [http-nio-8080-exec-7] INFO  c.u.management.aspects.LoggingAspect - AOP-LOG [SUCCESS]: Metoda PatientService.getPatientByUsername() s-a finalizat cu succes. Rezultat returnat: com.unibuc.management.entities.Patient@1258fada
2026-07-03 00:16:34 [http-nio-8080-exec-7] INFO  c.u.management.aspects.LoggingAspect - AOP-LOG [START]: Se execută metoda AppointmentService.getAppointmentsByPatientIdPaged() cu argumentele: [1, Page request [number: 0, size 5, sort: appointmentFrom: ASC]]
2026-07-03 00:16:34 [http-nio-8080-exec-7] DEBUG c.u.m.services.AppointmentService - Preluare paginată a programărilor pentru pacientul ID: 1
2026-07-03 00:16:34 [http-nio-8080-exec-7] INFO  c.u.management.aspects.LoggingAspect - AOP-LOG [SUCCESS]: Metoda AppointmentService.getAppointmentsByPatientIdPaged() s-a finalizat cu succes. Rezultat returnat: Page 1 of 3 containing com.unibuc.management.entities.Appointment instances
2026-07-03 00:17:32 [http-nio-8080-exec-9] INFO  c.u.management.aspects.LoggingAspect - AOP-LOG [START]: Se execută metoda MedicalServiceService.getAllServices() cu argumentele: []
2026-07-03 00:17:32 [http-nio-8080-exec-9] DEBUG c.u.m.services.MedicalServiceService - Se preia lista completă a serviciilor medicale.
2026-07-03 00:17:32 [http-nio-8080-exec-6] INFO  c.u.management.aspects.LoggingAspect - AOP-LOG [START]: Se execută metoda PatientService.getPatientByUsername() cu argumentele: [Ioan Popescu]
2026-07-03 00:17:32 [http-nio-8080-exec-6] DEBUG c.u.m.services.PatientService - Căutare pacient după username-ul de autentificare: Ioan Popescu
2026-07-03 00:17:32 [http-nio-8080-exec-9] INFO  c.u.management.aspects.LoggingAspect - AOP-LOG [SUCCESS]: Metoda MedicalServiceService.getAllServices() s-a finalizat cu succes. Rezultat returnat: [com.unibuc.management.entities.MedicalService@41f99a03, com.unibuc.management.entities.MedicalService@7b6cebc5, com.unibuc.management.entities.MedicalService@5f90c890]
2026-07-03 00:17:32 [http-nio-8080-exec-6] INFO  c.u.management.aspects.LoggingAspect - AOP-LOG [SUCCESS]: Metoda PatientService.getPatientByUsername() s-a finalizat cu succes. Rezultat returnat: com.unibuc.management.entities.Patient@5de7460c
2026-07-03 00:17:32 [http-nio-8080-exec-6] INFO  c.u.management.aspects.LoggingAspect - AOP-LOG [START]: Se execută metoda AppointmentService.getAppointmentsByPatientIdPaged() cu argumentele: [1, Page request [number: 0, size 5, sort: appointmentFrom: ASC]]
2026-07-03 00:17:32 [http-nio-8080-exec-6] DEBUG c.u.m.services.AppointmentService - Preluare paginată a programărilor pentru pacientul ID: 1
2026-07-03 00:17:32 [http-nio-8080-exec-6] INFO  c.u.management.aspects.LoggingAspect - AOP-LOG [SUCCESS]: Metoda AppointmentService.getAppointmentsByPatientIdPaged() s-a finalizat cu succes. Rezultat returnat: Page 1 of 3 containing com.unibuc.management.entities.Appointment instances
2026-07-03 00:18:27 [http-nio-8080-exec-10] INFO  c.u.management.aspects.LoggingAspect - AOP-LOG [START]: Se execută metoda MedicalServiceService.getAllServices() cu argumentele: []
2026-07-03 00:18:27 [http-nio-8080-exec-10] DEBUG c.u.m.services.MedicalServiceService - Se preia lista completă a serviciilor medicale.
2026-07-03 00:18:27 [http-nio-8080-exec-8] INFO  c.u.management.aspects.LoggingAspect - AOP-LOG [START]: Se execută metoda PatientService.getPatientByUsername() cu argumentele: [Ioan Popescu]
2026-07-03 00:18:27 [http-nio-8080-exec-8] DEBUG c.u.m.services.PatientService - Căutare pacient după username-ul de autentificare: Ioan Popescu
2026-07-03 00:18:27 [http-nio-8080-exec-10] INFO  c.u.management.aspects.LoggingAspect - AOP-LOG [SUCCESS]: Metoda MedicalServiceService.getAllServices() s-a finalizat cu succes. Rezultat returnat: [com.unibuc.management.entities.MedicalService@4653b527, com.unibuc.management.entities.MedicalService@61a191d5, com.unibuc.management.entities.MedicalService@31f249c2]
2026-07-03 00:18:27 [http-nio-8080-exec-8] INFO  c.u.management.aspects.LoggingAspect - AOP-LOG [SUCCESS]: Metoda PatientService.getPatientByUsername() s-a finalizat cu succes. Rezultat returnat: com.unibuc.management.entities.Patient@36cefde6
2026-07-03 00:18:27 [http-nio-8080-exec-8] INFO  c.u.management.aspects.LoggingAspect - AOP-LOG [START]: Se execută metoda AppointmentService.getAppointmentsByPatientIdPaged() cu argumentele: [1, Page request [number: 0, size 5, sort: appointmentFrom: ASC]]
2026-07-03 00:18:27 [http-nio-8080-exec-8] DEBUG c.u.m.services.AppointmentService - Preluare paginată a programărilor pentru pacientul ID: 1
2026-07-03 00:18:27 [http-nio-8080-exec-8] INFO  c.u.management.aspects.LoggingAspect - AOP-LOG [SUCCESS]: Metoda AppointmentService.getAppointmentsByPatientIdPaged() s-a finalizat cu succes. Rezultat returnat: Page 1 of 3 containing com.unibuc.management.entities.Appointment instances
2026-07-03 00:18:32 [http-nio-8080-exec-1] INFO  c.u.management.aspects.LoggingAspect - AOP-LOG [START]: Se execută metoda MedicalServiceService.getAllServices() cu argumentele: []
2026-07-03 00:18:32 [http-nio-8080-exec-1] DEBUG c.u.m.services.MedicalServiceService - Se preia lista completă a serviciilor medicale.
2026-07-03 00:18:32 [http-nio-8080-exec-2] INFO  c.u.management.aspects.LoggingAspect - AOP-LOG [START]: Se execută metoda PatientService.getPatientByUsername() cu argumentele: [Ioan Popescu]
2026-07-03 00:18:32 [http-nio-8080-exec-2] DEBUG c.u.m.services.PatientService - Căutare pacient după username-ul de autentificare: Ioan Popescu
2026-07-03 00:18:32 [http-nio-8080-exec-1] INFO  c.u.management.aspects.LoggingAspect - AOP-LOG [SUCCESS]: Metoda MedicalServiceService.getAllServices() s-a finalizat cu succes. Rezultat returnat: [com.unibuc.management.entities.MedicalService@1357b5fb, com.unibuc.management.entities.MedicalService@563af7ff, com.unibuc.management.entities.MedicalService@563ffaeb]
2026-07-03 00:18:32 [http-nio-8080-exec-2] INFO  c.u.management.aspects.LoggingAspect - AOP-LOG [SUCCESS]: Metoda PatientService.getPatientByUsername() s-a finalizat cu succes. Rezultat returnat: com.unibuc.management.entities.Patient@1d1ed464
2026-07-03 00:18:32 [http-nio-8080-exec-2] INFO  c.u.management.aspects.LoggingAspect - AOP-LOG [START]: Se execută metoda AppointmentService.getAppointmentsByPatientIdPaged() cu argumentele: [1, Page request [number: 0, size 5, sort: appointmentFrom: ASC]]
2026-07-03 00:18:32 [http-nio-8080-exec-2] DEBUG c.u.m.services.AppointmentService - Preluare paginată a programărilor pentru pacientul ID: 1
2026-07-03 00:18:32 [http-nio-8080-exec-2] INFO  c.u.management.aspects.LoggingAspect - AOP-LOG [SUCCESS]: Metoda AppointmentService.getAppointmentsByPatientIdPaged() s-a finalizat cu succes. Rezultat returnat: Page 1 of 3 containing com.unibuc.management.entities.Appointment instances
2026-07-03 00:18:39 [http-nio-8080-exec-4] INFO  c.u.management.aspects.LoggingAspect - AOP-LOG [START]: Se execută metoda MedicalServiceService.getAllServices() cu argumentele: []
2026-07-03 00:18:39 [http-nio-8080-exec-4] DEBUG c.u.m.services.MedicalServiceService - Se preia lista completă a serviciilor medicale.
2026-07-03 00:18:39 [http-nio-8080-exec-5] INFO  c.u.management.aspects.LoggingAspect - AOP-LOG [START]: Se execută metoda PatientService.getPatientByUsername() cu argumentele: [Ioan Popescu]
2026-07-03 00:18:39 [http-nio-8080-exec-5] DEBUG c.u.m.services.PatientService - Căutare pacient după username-ul de autentificare: Ioan Popescu
2026-07-03 00:18:39 [http-nio-8080-exec-4] INFO  c.u.management.aspects.LoggingAspect - AOP-LOG [SUCCESS]: Metoda MedicalServiceService.getAllServices() s-a finalizat cu succes. Rezultat returnat: [com.unibuc.management.entities.MedicalService@477c6bd0, com.unibuc.management.entities.MedicalService@178cd12c, com.unibuc.management.entities.MedicalService@57410665]
2026-07-03 00:18:39 [http-nio-8080-exec-5] INFO  c.u.management.aspects.LoggingAspect - AOP-LOG [SUCCESS]: Metoda PatientService.getPatientByUsername() s-a finalizat cu succes. Rezultat returnat: com.unibuc.management.entities.Patient@1abdef59
2026-07-03 00:18:39 [http-nio-8080-exec-5] INFO  c.u.management.aspects.LoggingAspect - AOP-LOG [START]: Se execută metoda AppointmentService.getAppointmentsByPatientIdPaged() cu argumentele: [1, Page request [number: 0, size 5, sort: appointmentFrom: ASC]]
2026-07-03 00:18:39 [http-nio-8080-exec-5] DEBUG c.u.m.services.AppointmentService - Preluare paginată a programărilor pentru pacientul ID: 1
2026-07-03 00:18:39 [http-nio-8080-exec-5] INFO  c.u.management.aspects.LoggingAspect - AOP-LOG [SUCCESS]: Metoda AppointmentService.getAppointmentsByPatientIdPaged() s-a finalizat cu succes. Rezultat returnat: Page 1 of 3 containing com.unibuc.management.entities.Appointment instances
2026-07-03 00:18:42 [http-nio-8080-exec-7] INFO  c.u.management.aspects.LoggingAspect - AOP-LOG [START]: Se execută metoda MedicalServiceService.getAllServices() cu argumentele: []
2026-07-03 00:18:42 [http-nio-8080-exec-7] DEBUG c.u.m.services.MedicalServiceService - Se preia lista completă a serviciilor medicale.
2026-07-03 00:18:42 [http-nio-8080-exec-3] INFO  c.u.management.aspects.LoggingAspect - AOP-LOG [START]: Se execută metoda PatientService.getPatientByUsername() cu argumentele: [Ioan Popescu]
2026-07-03 00:18:42 [http-nio-8080-exec-3] DEBUG c.u.m.services.PatientService - Căutare pacient după username-ul de autentificare: Ioan Popescu
2026-07-03 00:18:42 [http-nio-8080-exec-7] INFO  c.u.management.aspects.LoggingAspect - AOP-LOG [SUCCESS]: Metoda MedicalServiceService.getAllServices() s-a finalizat cu succes. Rezultat returnat: [com.unibuc.management.entities.MedicalService@799004d6, com.unibuc.management.entities.MedicalService@6c8b02ba, com.unibuc.management.entities.MedicalService@405aa341]
2026-07-03 00:18:42 [http-nio-8080-exec-3] INFO  c.u.management.aspects.LoggingAspect - AOP-LOG [SUCCESS]: Metoda PatientService.getPatientByUsername() s-a finalizat cu succes. Rezultat returnat: com.unibuc.management.entities.Patient@33611019
2026-07-03 00:18:42 [http-nio-8080-exec-3] INFO  c.u.management.aspects.LoggingAspect - AOP-LOG [START]: Se execută metoda AppointmentService.getAppointmentsByPatientIdPaged() cu argumentele: [1, Page request [number: 0, size 5, sort: appointmentFrom: ASC]]
2026-07-03 00:18:42 [http-nio-8080-exec-3] DEBUG c.u.m.services.AppointmentService - Preluare paginată a programărilor pentru pacientul ID: 1
2026-07-03 00:18:42 [http-nio-8080-exec-3] INFO  c.u.management.aspects.LoggingAspect - AOP-LOG [SUCCESS]: Metoda AppointmentService.getAppointmentsByPatientIdPaged() s-a finalizat cu succes. Rezultat returnat: Page 1 of 3 containing com.unibuc.management.entities.Appointment instances
2026-07-03 00:18:51 [http-nio-8080-exec-9] INFO  c.u.management.aspects.LoggingAspect - AOP-LOG [START]: Se execută metoda DoctorService.getDoctorsPaged() cu argumentele: [Page request [number: 0, size 5, sort: name: ASC]]
2026-07-03 00:18:51 [http-nio-8080-exec-9] DEBUG c.u.m.services.DoctorService - Se solicită lista paginată de doctori folosind structura Pageable.
2026-07-03 00:18:51 [http-nio-8080-exec-9] INFO  c.u.management.aspects.LoggingAspect - AOP-LOG [SUCCESS]: Metoda DoctorService.getDoctorsPaged() s-a finalizat cu succes. Rezultat returnat: Page 1 of 2 containing com.unibuc.management.entities.Doctor instances
2026-07-03 00:18:51 [http-nio-8080-exec-6] INFO  c.u.management.aspects.LoggingAspect - AOP-LOG [START]: Se execută metoda DoctorService.getDoctorsPaged() cu argumentele: [Page request [number: 0, size 5, sort: name: ASC]]
2026-07-03 00:18:51 [http-nio-8080-exec-6] DEBUG c.u.m.services.DoctorService - Se solicită lista paginată de doctori folosind structura Pageable.
2026-07-03 00:18:51 [http-nio-8080-exec-6] INFO  c.u.management.aspects.LoggingAspect - AOP-LOG [SUCCESS]: Metoda DoctorService.getDoctorsPaged() s-a finalizat cu succes. Rezultat returnat: Page 1 of 2 containing com.unibuc.management.entities.Doctor instances
2026-07-03 00:18:52 [http-nio-8080-exec-10] INFO  c.u.management.aspects.LoggingAspect - AOP-LOG [START]: Se execută metoda PatientService.getPatientByUsername() cu argumentele: [Ioan Popescu]
2026-07-03 00:18:52 [http-nio-8080-exec-10] DEBUG c.u.m.services.PatientService - Căutare pacient după username-ul de autentificare: Ioan Popescu
2026-07-03 00:18:52 [http-nio-8080-exec-8] INFO  c.u.management.aspects.LoggingAspect - AOP-LOG [START]: Se execută metoda MedicalServiceService.getAllServices() cu argumentele: []
2026-07-03 00:18:52 [http-nio-8080-exec-8] DEBUG c.u.m.services.MedicalServiceService - Se preia lista completă a serviciilor medicale.
2026-07-03 00:18:52 [http-nio-8080-exec-8] INFO  c.u.management.aspects.LoggingAspect - AOP-LOG [SUCCESS]: Metoda MedicalServiceService.getAllServices() s-a finalizat cu succes. Rezultat returnat: [com.unibuc.management.entities.MedicalService@3cda496b, com.unibuc.management.entities.MedicalService@552222b7, com.unibuc.management.entities.MedicalService@7c05755a]
2026-07-03 00:18:52 [http-nio-8080-exec-10] INFO  c.u.management.aspects.LoggingAspect - AOP-LOG [SUCCESS]: Metoda PatientService.getPatientByUsername() s-a finalizat cu succes. Rezultat returnat: com.unibuc.management.entities.Patient@46fd9254
2026-07-03 00:18:52 [http-nio-8080-exec-10] INFO  c.u.management.aspects.LoggingAspect - AOP-LOG [START]: Se execută metoda AppointmentService.getAppointmentsByPatientIdPaged() cu argumentele: [1, Page request [number: 0, size 5, sort: appointmentFrom: ASC]]
2026-07-03 00:18:52 [http-nio-8080-exec-10] DEBUG c.u.m.services.AppointmentService - Preluare paginată a programărilor pentru pacientul ID: 1
2026-07-03 00:18:52 [http-nio-8080-exec-1] INFO  c.u.management.aspects.LoggingAspect - AOP-LOG [START]: Se execută metoda MedicalServiceService.getAllServices() cu argumentele: []
2026-07-03 00:18:52 [http-nio-8080-exec-1] DEBUG c.u.m.services.MedicalServiceService - Se preia lista completă a serviciilor medicale.
2026-07-03 00:18:52 [http-nio-8080-exec-1] INFO  c.u.management.aspects.LoggingAspect - AOP-LOG [SUCCESS]: Metoda MedicalServiceService.getAllServices() s-a finalizat cu succes. Rezultat returnat: [com.unibuc.management.entities.MedicalService@183be63, com.unibuc.management.entities.MedicalService@36205ac1, com.unibuc.management.entities.MedicalService@15e02b89]
2026-07-03 00:18:52 [http-nio-8080-exec-10] INFO  c.u.management.aspects.LoggingAspect - AOP-LOG [SUCCESS]: Metoda AppointmentService.getAppointmentsByPatientIdPaged() s-a finalizat cu succes. Rezultat returnat: Page 1 of 3 containing com.unibuc.management.entities.Appointment instances
2026-07-03 00:18:52 [http-nio-8080-exec-2] INFO  c.u.management.aspects.LoggingAspect - AOP-LOG [START]: Se execută metoda PatientService.getPatientByUsername() cu argumentele: [Ioan Popescu]
2026-07-03 00:18:52 [http-nio-8080-exec-2] DEBUG c.u.m.services.PatientService - Căutare pacient după username-ul de autentificare: Ioan Popescu
2026-07-03 00:18:52 [http-nio-8080-exec-2] INFO  c.u.management.aspects.LoggingAspect - AOP-LOG [SUCCESS]: Metoda PatientService.getPatientByUsername() s-a finalizat cu succes. Rezultat returnat: com.unibuc.management.entities.Patient@14644dae
2026-07-03 00:18:52 [http-nio-8080-exec-2] INFO  c.u.management.aspects.LoggingAspect - AOP-LOG [START]: Se execută metoda AppointmentService.getAppointmentsByPatientIdPaged() cu argumentele: [1, Page request [number: 0, size 5, sort: appointmentFrom: ASC]]
2026-07-03 00:18:52 [http-nio-8080-exec-2] DEBUG c.u.m.services.AppointmentService - Preluare paginată a programărilor pentru pacientul ID: 1
2026-07-03 00:18:52 [http-nio-8080-exec-2] INFO  c.u.management.aspects.LoggingAspect - AOP-LOG [SUCCESS]: Metoda AppointmentService.getAppointmentsByPatientIdPaged() s-a finalizat cu succes. Rezultat returnat: Page 1 of 3 containing com.unibuc.management.entities.Appointment instances
2026-07-03 00:18:53 [http-nio-8080-exec-4] INFO  c.u.management.aspects.LoggingAspect - AOP-LOG [START]: Se execută metoda MedicalServiceService.getAllServices() cu argumentele: []
2026-07-03 00:18:53 [http-nio-8080-exec-4] DEBUG c.u.m.services.MedicalServiceService - Se preia lista completă a serviciilor medicale.
2026-07-03 00:18:53 [http-nio-8080-exec-5] INFO  c.u.management.aspects.LoggingAspect - AOP-LOG [START]: Se execută metoda InsuranceProviderService.getAllInsuranceProviders() cu argumentele: []
2026-07-03 00:18:53 [http-nio-8080-exec-5] DEBUG c.u.m.s.InsuranceProviderService - Se preia lista completă a asiguratorilor.
2026-07-03 00:18:53 [http-nio-8080-exec-4] INFO  c.u.management.aspects.LoggingAspect - AOP-LOG [SUCCESS]: Metoda MedicalServiceService.getAllServices() s-a finalizat cu succes. Rezultat returnat: [com.unibuc.management.entities.MedicalService@76137a80, com.unibuc.management.entities.MedicalService@189984f4, com.unibuc.management.entities.MedicalService@719563ea]
2026-07-03 00:18:53 [http-nio-8080-exec-5] INFO  c.u.management.aspects.LoggingAspect - AOP-LOG [SUCCESS]: Metoda InsuranceProviderService.getAllInsuranceProviders() s-a finalizat cu succes. Rezultat returnat: [com.unibuc.management.entities.InsuranceProvider@125bdf63, com.unibuc.management.entities.InsuranceProvider@88b2d12]
2026-07-03 00:18:53 [http-nio-8080-exec-7] INFO  c.u.management.aspects.LoggingAspect - AOP-LOG [START]: Se execută metoda InsuranceProviderService.getAllInsuranceProviders() cu argumentele: []
2026-07-03 00:18:53 [http-nio-8080-exec-7] DEBUG c.u.m.s.InsuranceProviderService - Se preia lista completă a asiguratorilor.
2026-07-03 00:18:53 [http-nio-8080-exec-7] INFO  c.u.management.aspects.LoggingAspect - AOP-LOG [SUCCESS]: Metoda InsuranceProviderService.getAllInsuranceProviders() s-a finalizat cu succes. Rezultat returnat: [com.unibuc.management.entities.InsuranceProvider@7986d2cb, com.unibuc.management.entities.InsuranceProvider@39382080]
2026-07-03 00:18:53 [http-nio-8080-exec-3] INFO  c.u.management.aspects.LoggingAspect - AOP-LOG [START]: Se execută metoda MedicalServiceService.getAllServices() cu argumentele: []
2026-07-03 00:18:53 [http-nio-8080-exec-3] DEBUG c.u.m.services.MedicalServiceService - Se preia lista completă a serviciilor medicale.
2026-07-03 00:18:53 [http-nio-8080-exec-3] INFO  c.u.management.aspects.LoggingAspect - AOP-LOG [SUCCESS]: Metoda MedicalServiceService.getAllServices() s-a finalizat cu succes. Rezultat returnat: [com.unibuc.management.entities.MedicalService@2c62fadb, com.unibuc.management.entities.MedicalService@4f0a53ed, com.unibuc.management.entities.MedicalService@7809c62c]
2026-07-03 00:18:54 [http-nio-8080-exec-9] INFO  c.u.management.aspects.LoggingAspect - AOP-LOG [START]: Se execută metoda PatientService.getPatientById() cu argumentele: [1]
2026-07-03 00:18:54 [http-nio-8080-exec-9] DEBUG c.u.m.services.PatientService - Căutare pacient după ID: 1
2026-07-03 00:18:54 [http-nio-8080-exec-9] INFO  c.u.management.aspects.LoggingAspect - AOP-LOG [SUCCESS]: Metoda PatientService.getPatientById() s-a finalizat cu succes. Rezultat returnat: com.unibuc.management.entities.Patient@71701041
2026-07-03 00:18:54 [http-nio-8080-exec-6] INFO  c.u.management.aspects.LoggingAspect - AOP-LOG [START]: Se execută metoda PatientService.getPatientById() cu argumentele: [1]
2026-07-03 00:18:54 [http-nio-8080-exec-6] DEBUG c.u.m.services.PatientService - Căutare pacient după ID: 1
2026-07-03 00:18:54 [http-nio-8080-exec-6] INFO  c.u.management.aspects.LoggingAspect - AOP-LOG [SUCCESS]: Metoda PatientService.getPatientById() s-a finalizat cu succes. Rezultat returnat: com.unibuc.management.entities.Patient@14c7a7a8
2026-07-03 00:20:41 [http-nio-8080-exec-8] INFO  c.u.management.aspects.LoggingAspect - AOP-LOG [START]: Se execută metoda PatientService.getPatientByUsername() cu argumentele: [Ioan Popescu]
2026-07-03 00:20:41 [http-nio-8080-exec-8] DEBUG c.u.m.services.PatientService - Căutare pacient după username-ul de autentificare: Ioan Popescu
2026-07-03 00:20:41 [http-nio-8080-exec-10] INFO  c.u.management.aspects.LoggingAspect - AOP-LOG [START]: Se execută metoda MedicalServiceService.getAllServices() cu argumentele: []
2026-07-03 00:20:41 [http-nio-8080-exec-10] DEBUG c.u.m.services.MedicalServiceService - Se preia lista completă a serviciilor medicale.
2026-07-03 00:20:42 [http-nio-8080-exec-10] INFO  c.u.management.aspects.LoggingAspect - AOP-LOG [SUCCESS]: Metoda MedicalServiceService.getAllServices() s-a finalizat cu succes. Rezultat returnat: [com.unibuc.management.entities.MedicalService@78faed6a, com.unibuc.management.entities.MedicalService@6135e93, com.unibuc.management.entities.MedicalService@61e89316]
2026-07-03 00:20:42 [http-nio-8080-exec-8] INFO  c.u.management.aspects.LoggingAspect - AOP-LOG [SUCCESS]: Metoda PatientService.getPatientByUsername() s-a finalizat cu succes. Rezultat returnat: com.unibuc.management.entities.Patient@2972bb02
2026-07-03 00:20:42 [http-nio-8080-exec-8] INFO  c.u.management.aspects.LoggingAspect - AOP-LOG [START]: Se execută metoda AppointmentService.getAppointmentsByPatientIdPaged() cu argumentele: [1, Page request [number: 0, size 5, sort: appointmentFrom: ASC]]
2026-07-03 00:20:42 [http-nio-8080-exec-8] DEBUG c.u.m.services.AppointmentService - Preluare paginată a programărilor pentru pacientul ID: 1
2026-07-03 00:20:42 [http-nio-8080-exec-1] INFO  c.u.management.aspects.LoggingAspect - AOP-LOG [START]: Se execută metoda MedicalServiceService.getAllServices() cu argumentele: []
2026-07-03 00:20:42 [http-nio-8080-exec-1] DEBUG c.u.m.services.MedicalServiceService - Se preia lista completă a serviciilor medicale.
2026-07-03 00:20:42 [http-nio-8080-exec-1] INFO  c.u.management.aspects.LoggingAspect - AOP-LOG [SUCCESS]: Metoda MedicalServiceService.getAllServices() s-a finalizat cu succes. Rezultat returnat: [com.unibuc.management.entities.MedicalService@1d2c2b5c, com.unibuc.management.entities.MedicalService@7b3b090d, com.unibuc.management.entities.MedicalService@25671eda]
2026-07-03 00:20:42 [http-nio-8080-exec-8] INFO  c.u.management.aspects.LoggingAspect - AOP-LOG [SUCCESS]: Metoda AppointmentService.getAppointmentsByPatientIdPaged() s-a finalizat cu succes. Rezultat returnat: Page 1 of 3 containing com.unibuc.management.entities.Appointment instances
2026-07-03 00:20:42 [http-nio-8080-exec-2] INFO  c.u.management.aspects.LoggingAspect - AOP-LOG [START]: Se execută metoda PatientService.getPatientByUsername() cu argumentele: [Ioan Popescu]
2026-07-03 00:20:42 [http-nio-8080-exec-2] DEBUG c.u.m.services.PatientService - Căutare pacient după username-ul de autentificare: Ioan Popescu
2026-07-03 00:20:42 [http-nio-8080-exec-2] INFO  c.u.management.aspects.LoggingAspect - AOP-LOG [SUCCESS]: Metoda PatientService.getPatientByUsername() s-a finalizat cu succes. Rezultat returnat: com.unibuc.management.entities.Patient@772557f5
2026-07-03 00:20:42 [http-nio-8080-exec-2] INFO  c.u.management.aspects.LoggingAspect - AOP-LOG [START]: Se execută metoda AppointmentService.getAppointmentsByPatientIdPaged() cu argumentele: [1, Page request [number: 0, size 5, sort: appointmentFrom: ASC]]
2026-07-03 00:20:42 [http-nio-8080-exec-2] DEBUG c.u.m.services.AppointmentService - Preluare paginată a programărilor pentru pacientul ID: 1
2026-07-03 00:20:42 [http-nio-8080-exec-2] INFO  c.u.management.aspects.LoggingAspect - AOP-LOG [SUCCESS]: Metoda AppointmentService.getAppointmentsByPatientIdPaged() s-a finalizat cu succes. Rezultat returnat: Page 1 of 3 containing com.unibuc.management.entities.Appointment instances
2026-07-03 00:20:53 [http-nio-8080-exec-7] INFO  c.u.management.aspects.LoggingAspect - AOP-LOG [START]: Se execută metoda MedicalServiceService.getAllServices() cu argumentele: []
2026-07-03 00:20:53 [http-nio-8080-exec-7] DEBUG c.u.m.services.MedicalServiceService - Se preia lista completă a serviciilor medicale.
2026-07-03 00:20:53 [http-nio-8080-exec-5] INFO  c.u.management.aspects.LoggingAspect - AOP-LOG [START]: Se execută metoda PatientService.getPatientByUsername() cu argumentele: [Ioan Popescu]
2026-07-03 00:20:53 [http-nio-8080-exec-5] DEBUG c.u.m.services.PatientService - Căutare pacient după username-ul de autentificare: Ioan Popescu
2026-07-03 00:20:53 [http-nio-8080-exec-5] INFO  c.u.management.aspects.LoggingAspect - AOP-LOG [SUCCESS]: Metoda PatientService.getPatientByUsername() s-a finalizat cu succes. Rezultat returnat: com.unibuc.management.entities.Patient@ba73699
2026-07-03 00:20:53 [http-nio-8080-exec-7] INFO  c.u.management.aspects.LoggingAspect - AOP-LOG [SUCCESS]: Metoda MedicalServiceService.getAllServices() s-a finalizat cu succes. Rezultat returnat: [com.unibuc.management.entities.MedicalService@33c4b2a8, com.unibuc.management.entities.MedicalService@2332c73e, com.unibuc.management.entities.MedicalService@52c95796]
2026-07-03 00:20:53 [http-nio-8080-exec-5] INFO  c.u.management.aspects.LoggingAspect - AOP-LOG [START]: Se execută metoda AppointmentService.getAppointmentsByPatientIdPaged() cu argumentele: [1, Page request [number: 0, size 5, sort: appointmentFrom: ASC]]
2026-07-03 00:20:53 [http-nio-8080-exec-5] DEBUG c.u.m.services.AppointmentService - Preluare paginată a programărilor pentru pacientul ID: 1
2026-07-03 00:20:53 [http-nio-8080-exec-5] INFO  c.u.management.aspects.LoggingAspect - AOP-LOG [SUCCESS]: Metoda AppointmentService.getAppointmentsByPatientIdPaged() s-a finalizat cu succes. Rezultat returnat: Page 1 of 3 containing com.unibuc.management.entities.Appointment instances
2026-07-03 00:21:01 [http-nio-8080-exec-3] INFO  c.u.management.aspects.LoggingAspect - AOP-LOG [START]: Se execută metoda MedicalServiceService.getAllServices() cu argumentele: []
2026-07-03 00:21:01 [http-nio-8080-exec-4] INFO  c.u.management.aspects.LoggingAspect - AOP-LOG [START]: Se execută metoda PatientService.getPatientByUsername() cu argumentele: [Ioan Popescu]
2026-07-03 00:21:01 [http-nio-8080-exec-3] DEBUG c.u.m.services.MedicalServiceService - Se preia lista completă a serviciilor medicale.
2026-07-03 00:21:01 [http-nio-8080-exec-4] DEBUG c.u.m.services.PatientService - Căutare pacient după username-ul de autentificare: Ioan Popescu
2026-07-03 00:21:01 [http-nio-8080-exec-3] INFO  c.u.management.aspects.LoggingAspect - AOP-LOG [SUCCESS]: Metoda MedicalServiceService.getAllServices() s-a finalizat cu succes. Rezultat returnat: [com.unibuc.management.entities.MedicalService@b9dddbb, com.unibuc.management.entities.MedicalService@414edb58, com.unibuc.management.entities.MedicalService@4885c4a9]
2026-07-03 00:21:01 [http-nio-8080-exec-4] INFO  c.u.management.aspects.LoggingAspect - AOP-LOG [SUCCESS]: Metoda PatientService.getPatientByUsername() s-a finalizat cu succes. Rezultat returnat: com.unibuc.management.entities.Patient@2f0b5462
2026-07-03 00:21:01 [http-nio-8080-exec-4] INFO  c.u.management.aspects.LoggingAspect - AOP-LOG [START]: Se execută metoda AppointmentService.getAppointmentsByPatientIdPaged() cu argumentele: [1, Page request [number: 0, size 5, sort: appointmentFrom: ASC]]
2026-07-03 00:21:01 [http-nio-8080-exec-4] DEBUG c.u.m.services.AppointmentService - Preluare paginată a programărilor pentru pacientul ID: 1
2026-07-03 00:21:01 [http-nio-8080-exec-4] INFO  c.u.management.aspects.LoggingAspect - AOP-LOG [SUCCESS]: Metoda AppointmentService.getAppointmentsByPatientIdPaged() s-a finalizat cu succes. Rezultat returnat: Page 1 of 3 containing com.unibuc.management.entities.Appointment instances
2026-07-03 00:21:13 [http-nio-8080-exec-6] INFO  c.u.management.aspects.LoggingAspect - AOP-LOG [START]: Se execută metoda MedicalServiceService.getAllServices() cu argumentele: []
2026-07-03 00:21:13 [http-nio-8080-exec-6] DEBUG c.u.m.services.MedicalServiceService - Se preia lista completă a serviciilor medicale.
2026-07-03 00:21:13 [http-nio-8080-exec-9] INFO  c.u.management.aspects.LoggingAspect - AOP-LOG [START]: Se execută metoda PatientService.getPatientByUsername() cu argumentele: [Ioan Popescu]
2026-07-03 00:21:13 [http-nio-8080-exec-9] DEBUG c.u.m.services.PatientService - Căutare pacient după username-ul de autentificare: Ioan Popescu
2026-07-03 00:21:13 [http-nio-8080-exec-6] INFO  c.u.management.aspects.LoggingAspect - AOP-LOG [SUCCESS]: Metoda MedicalServiceService.getAllServices() s-a finalizat cu succes. Rezultat returnat: [com.unibuc.management.entities.MedicalService@366b6053, com.unibuc.management.entities.MedicalService@20066e2d, com.unibuc.management.entities.MedicalService@422815a5]
2026-07-03 00:21:13 [http-nio-8080-exec-9] INFO  c.u.management.aspects.LoggingAspect - AOP-LOG [SUCCESS]: Metoda PatientService.getPatientByUsername() s-a finalizat cu succes. Rezultat returnat: com.unibuc.management.entities.Patient@1be31955
2026-07-03 00:21:13 [http-nio-8080-exec-9] INFO  c.u.management.aspects.LoggingAspect - AOP-LOG [START]: Se execută metoda AppointmentService.getAppointmentsByPatientIdPaged() cu argumentele: [1, Page request [number: 0, size 5, sort: appointmentFrom: ASC]]
2026-07-03 00:21:13 [http-nio-8080-exec-9] DEBUG c.u.m.services.AppointmentService - Preluare paginată a programărilor pentru pacientul ID: 1
2026-07-03 00:21:13 [http-nio-8080-exec-9] INFO  c.u.management.aspects.LoggingAspect - AOP-LOG [SUCCESS]: Metoda AppointmentService.getAppointmentsByPatientIdPaged() s-a finalizat cu succes. Rezultat returnat: Page 1 of 3 containing com.unibuc.management.entities.Appointment instances
2026-07-03 00:21:17 [http-nio-8080-exec-1] INFO  c.u.management.aspects.LoggingAspect - AOP-LOG [START]: Se execută metoda MedicalServiceService.getAllServices() cu argumentele: []
2026-07-03 00:21:17 [http-nio-8080-exec-1] DEBUG c.u.m.services.MedicalServiceService - Se preia lista completă a serviciilor medicale.
2026-07-03 00:21:17 [http-nio-8080-exec-10] INFO  c.u.management.aspects.LoggingAspect - AOP-LOG [START]: Se execută metoda PatientService.getPatientByUsername() cu argumentele: [Ioan Popescu]
2026-07-03 00:21:17 [http-nio-8080-exec-10] DEBUG c.u.m.services.PatientService - Căutare pacient după username-ul de autentificare: Ioan Popescu
2026-07-03 00:21:17 [http-nio-8080-exec-10] INFO  c.u.management.aspects.LoggingAspect - AOP-LOG [SUCCESS]: Metoda PatientService.getPatientByUsername() s-a finalizat cu succes. Rezultat returnat: com.unibuc.management.entities.Patient@226d29e
2026-07-03 00:21:17 [http-nio-8080-exec-1] INFO  c.u.management.aspects.LoggingAspect - AOP-LOG [SUCCESS]: Metoda MedicalServiceService.getAllServices() s-a finalizat cu succes. Rezultat returnat: [com.unibuc.management.entities.MedicalService@4aeb09a9, com.unibuc.management.entities.MedicalService@54b469b, com.unibuc.management.entities.MedicalService@e2a1b95]
2026-07-03 00:21:17 [http-nio-8080-exec-10] INFO  c.u.management.aspects.LoggingAspect - AOP-LOG [START]: Se execută metoda AppointmentService.getAppointmentsByPatientIdPaged() cu argumentele: [1, Page request [number: 0, size 5, sort: appointmentFrom: ASC]]
2026-07-03 00:21:17 [http-nio-8080-exec-10] DEBUG c.u.m.services.AppointmentService - Preluare paginată a programărilor pentru pacientul ID: 1
2026-07-03 00:21:17 [http-nio-8080-exec-10] INFO  c.u.management.aspects.LoggingAspect - AOP-LOG [SUCCESS]: Metoda AppointmentService.getAppointmentsByPatientIdPaged() s-a finalizat cu succes. Rezultat returnat: Page 1 of 3 containing com.unibuc.management.entities.Appointment instances
2026-07-03 00:21:26 [http-nio-8080-exec-2] INFO  c.u.management.aspects.LoggingAspect - AOP-LOG [START]: Se execută metoda MedicalServiceService.getAllServices() cu argumentele: []
2026-07-03 00:21:26 [http-nio-8080-exec-2] DEBUG c.u.m.services.MedicalServiceService - Se preia lista completă a serviciilor medicale.
2026-07-03 00:21:26 [http-nio-8080-exec-8] INFO  c.u.management.aspects.LoggingAspect - AOP-LOG [START]: Se execută metoda PatientService.getPatientByUsername() cu argumentele: [Ioan Popescu]
2026-07-03 00:21:26 [http-nio-8080-exec-8] DEBUG c.u.m.services.PatientService - Căutare pacient după username-ul de autentificare: Ioan Popescu
2026-07-03 00:21:26 [http-nio-8080-exec-2] INFO  c.u.management.aspects.LoggingAspect - AOP-LOG [SUCCESS]: Metoda MedicalServiceService.getAllServices() s-a finalizat cu succes. Rezultat returnat: [com.unibuc.management.entities.MedicalService@263b4de7, com.unibuc.management.entities.MedicalService@7dc5aade, com.unibuc.management.entities.MedicalService@50087e53]
2026-07-03 00:21:26 [http-nio-8080-exec-8] INFO  c.u.management.aspects.LoggingAspect - AOP-LOG [SUCCESS]: Metoda PatientService.getPatientByUsername() s-a finalizat cu succes. Rezultat returnat: com.unibuc.management.entities.Patient@9ff896f
2026-07-03 00:21:26 [http-nio-8080-exec-8] INFO  c.u.management.aspects.LoggingAspect - AOP-LOG [START]: Se execută metoda AppointmentService.getAppointmentsByPatientIdPaged() cu argumentele: [1, Page request [number: 0, size 5, sort: appointmentFrom: ASC]]
2026-07-03 00:21:26 [http-nio-8080-exec-8] DEBUG c.u.m.services.AppointmentService - Preluare paginată a programărilor pentru pacientul ID: 1
2026-07-03 00:21:26 [http-nio-8080-exec-8] INFO  c.u.management.aspects.LoggingAspect - AOP-LOG [SUCCESS]: Metoda AppointmentService.getAppointmentsByPatientIdPaged() s-a finalizat cu succes. Rezultat returnat: Page 1 of 3 containing com.unibuc.management.entities.Appointment instances
2026-07-03 00:21:31 [http-nio-8080-exec-5] INFO  c.u.management.aspects.LoggingAspect - AOP-LOG [START]: Se execută metoda MedicalServiceService.getAllServices() cu argumentele: []
2026-07-03 00:21:31 [http-nio-8080-exec-5] DEBUG c.u.m.services.MedicalServiceService - Se preia lista completă a serviciilor medicale.
2026-07-03 00:21:31 [http-nio-8080-exec-7] INFO  c.u.management.aspects.LoggingAspect - AOP-LOG [START]: Se execută metoda PatientService.getPatientByUsername() cu argumentele: [Ioan Popescu]
2026-07-03 00:21:31 [http-nio-8080-exec-7] DEBUG c.u.m.services.PatientService - Căutare pacient după username-ul de autentificare: Ioan Popescu
2026-07-03 00:21:31 [http-nio-8080-exec-5] INFO  c.u.management.aspects.LoggingAspect - AOP-LOG [SUCCESS]: Metoda MedicalServiceService.getAllServices() s-a finalizat cu succes. Rezultat returnat: [com.unibuc.management.entities.MedicalService@3089736e, com.unibuc.management.entities.MedicalService@549229b, com.unibuc.management.entities.MedicalService@2bddf627]
2026-07-03 00:21:31 [http-nio-8080-exec-7] INFO  c.u.management.aspects.LoggingAspect - AOP-LOG [SUCCESS]: Metoda PatientService.getPatientByUsername() s-a finalizat cu succes. Rezultat returnat: com.unibuc.management.entities.Patient@2fe34a70
2026-07-03 00:21:31 [http-nio-8080-exec-7] INFO  c.u.management.aspects.LoggingAspect - AOP-LOG [START]: Se execută metoda AppointmentService.getAppointmentsByPatientIdPaged() cu argumentele: [1, Page request [number: 0, size 5, sort: appointmentFrom: ASC]]
2026-07-03 00:21:31 [http-nio-8080-exec-7] DEBUG c.u.m.services.AppointmentService - Preluare paginată a programărilor pentru pacientul ID: 1
2026-07-03 00:21:32 [http-nio-8080-exec-7] INFO  c.u.management.aspects.LoggingAspect - AOP-LOG [SUCCESS]: Metoda AppointmentService.getAppointmentsByPatientIdPaged() s-a finalizat cu succes. Rezultat returnat: Page 1 of 3 containing com.unibuc.management.entities.Appointment instances
2026-07-03 00:21:34 [http-nio-8080-exec-4] INFO  c.u.management.aspects.LoggingAspect - AOP-LOG [START]: Se execută metoda MedicalServiceService.getAllServices() cu argumentele: []
2026-07-03 00:21:34 [http-nio-8080-exec-4] DEBUG c.u.m.services.MedicalServiceService - Se preia lista completă a serviciilor medicale.
2026-07-03 00:21:34 [http-nio-8080-exec-3] INFO  c.u.management.aspects.LoggingAspect - AOP-LOG [START]: Se execută metoda PatientService.getPatientByUsername() cu argumentele: [Ioan Popescu]
2026-07-03 00:21:34 [http-nio-8080-exec-3] DEBUG c.u.m.services.PatientService - Căutare pacient după username-ul de autentificare: Ioan Popescu
2026-07-03 00:21:34 [http-nio-8080-exec-4] INFO  c.u.management.aspects.LoggingAspect - AOP-LOG [SUCCESS]: Metoda MedicalServiceService.getAllServices() s-a finalizat cu succes. Rezultat returnat: [com.unibuc.management.entities.MedicalService@7cf25c18, com.unibuc.management.entities.MedicalService@64ff2b6c, com.unibuc.management.entities.MedicalService@4eb9aeda]
2026-07-03 00:21:34 [http-nio-8080-exec-3] INFO  c.u.management.aspects.LoggingAspect - AOP-LOG [SUCCESS]: Metoda PatientService.getPatientByUsername() s-a finalizat cu succes. Rezultat returnat: com.unibuc.management.entities.Patient@1b70ef66
2026-07-03 00:21:34 [http-nio-8080-exec-3] INFO  c.u.management.aspects.LoggingAspect - AOP-LOG [START]: Se execută metoda AppointmentService.getAppointmentsByPatientIdPaged() cu argumentele: [1, Page request [number: 0, size 5, sort: appointmentFrom: ASC]]
2026-07-03 00:21:34 [http-nio-8080-exec-3] DEBUG c.u.m.services.AppointmentService - Preluare paginată a programărilor pentru pacientul ID: 1
2026-07-03 00:21:34 [http-nio-8080-exec-3] INFO  c.u.management.aspects.LoggingAspect - AOP-LOG [SUCCESS]: Metoda AppointmentService.getAppointmentsByPatientIdPaged() s-a finalizat cu succes. Rezultat returnat: Page 1 of 3 containing com.unibuc.management.entities.Appointment instances
2026-07-03 00:21:44 [http-nio-8080-exec-6] INFO  c.u.management.aspects.LoggingAspect - AOP-LOG [START]: Se execută metoda AppointmentService.findById() cu argumentele: [14]
2026-07-03 00:21:44 [http-nio-8080-exec-6] DEBUG c.u.m.services.AppointmentService - Căutare programare cu ID: 14
2026-07-03 00:21:44 [http-nio-8080-exec-6] INFO  c.u.management.aspects.LoggingAspect - AOP-LOG [SUCCESS]: Metoda AppointmentService.findById() s-a finalizat cu succes. Rezultat returnat: Optional[com.unibuc.management.entities.Appointment@15d9742b]
2026-07-03 00:21:44 [http-nio-8080-exec-6] INFO  c.u.management.aspects.LoggingAspect - AOP-LOG [START]: Se execută metoda PatientService.getPatientByUsername() cu argumentele: [Ioan Popescu]
2026-07-03 00:21:44 [http-nio-8080-exec-6] DEBUG c.u.m.services.PatientService - Căutare pacient după username-ul de autentificare: Ioan Popescu
2026-07-03 00:21:44 [http-nio-8080-exec-6] INFO  c.u.management.aspects.LoggingAspect - AOP-LOG [SUCCESS]: Metoda PatientService.getPatientByUsername() s-a finalizat cu succes. Rezultat returnat: com.unibuc.management.entities.Patient@19a77d0d
2026-07-03 00:21:44 [http-nio-8080-exec-6] INFO  c.u.management.aspects.LoggingAspect - AOP-LOG [START]: Se execută metoda MedicalServiceService.save() cu argumentele: [com.unibuc.management.entities.MedicalService@3f243432]
2026-07-03 00:21:44 [http-nio-8080-exec-6] INFO  c.u.m.services.MedicalServiceService - Se salvează/actualizează serviciul medical: 'Consult Cardiologie + EKG' (Preț: 250.0))
2026-07-03 00:21:44 [http-nio-8080-exec-6] INFO  c.u.m.services.MedicalServiceService - Serviciul medical a fost salvat cu succes cu ID-ul: 1
2026-07-03 00:21:44 [http-nio-8080-exec-6] INFO  c.u.management.aspects.LoggingAspect - AOP-LOG [SUCCESS]: Metoda MedicalServiceService.save() s-a finalizat cu succes. Rezultat returnat: com.unibuc.management.entities.MedicalService@3f243432
2026-07-03 00:21:44 [http-nio-8080-exec-6] INFO  c.u.management.aspects.LoggingAspect - AOP-LOG [START]: Se execută metoda AppointmentService.save() cu argumentele: [com.unibuc.management.entities.Appointment@15d9742b]
2026-07-03 00:21:44 [http-nio-8080-exec-6] INFO  c.u.m.services.AppointmentService - Se modifică/salvează direct entitatea Appointment ID: 14
2026-07-03 00:21:44 [http-nio-8080-exec-6] INFO  c.u.management.aspects.LoggingAspect - AOP-LOG [SUCCESS]: Metoda AppointmentService.save() s-a finalizat cu succes. Rezultat returnat: com.unibuc.management.entities.Appointment@15d9742b
2026-07-03 00:21:44 [http-nio-8080-exec-9] INFO  c.u.management.aspects.LoggingAspect - AOP-LOG [START]: Se execută metoda PatientService.getPatientByUsername() cu argumentele: [Ioan Popescu]
2026-07-03 00:21:44 [http-nio-8080-exec-9] DEBUG c.u.m.services.PatientService - Căutare pacient după username-ul de autentificare: Ioan Popescu
2026-07-03 00:21:44 [http-nio-8080-exec-9] INFO  c.u.management.aspects.LoggingAspect - AOP-LOG [SUCCESS]: Metoda PatientService.getPatientByUsername() s-a finalizat cu succes. Rezultat returnat: com.unibuc.management.entities.Patient@2dd279be
2026-07-03 00:21:44 [http-nio-8080-exec-9] INFO  c.u.management.aspects.LoggingAspect - AOP-LOG [START]: Se execută metoda AppointmentService.getAppointmentsByPatientIdPaged() cu argumentele: [1, Page request [number: 0, size 5, sort: appointmentFrom: ASC]]
2026-07-03 00:21:44 [http-nio-8080-exec-9] DEBUG c.u.m.services.AppointmentService - Preluare paginată a programărilor pentru pacientul ID: 1
2026-07-03 00:21:44 [http-nio-8080-exec-9] INFO  c.u.management.aspects.LoggingAspect - AOP-LOG [SUCCESS]: Metoda AppointmentService.getAppointmentsByPatientIdPaged() s-a finalizat cu succes. Rezultat returnat: Page 1 of 3 containing com.unibuc.management.entities.Appointment instances
2026-07-03 00:21:59 [http-nio-8080-exec-10] INFO  c.u.management.aspects.LoggingAspect - AOP-LOG [START]: Se execută metoda MedicalServiceService.getAllServices() cu argumentele: []
2026-07-03 00:21:59 [http-nio-8080-exec-10] DEBUG c.u.m.services.MedicalServiceService - Se preia lista completă a serviciilor medicale.
2026-07-03 00:21:59 [http-nio-8080-exec-1] INFO  c.u.management.aspects.LoggingAspect - AOP-LOG [START]: Se execută metoda PatientService.getPatientByUsername() cu argumentele: [Ioan Popescu]
2026-07-03 00:21:59 [http-nio-8080-exec-1] DEBUG c.u.m.services.PatientService - Căutare pacient după username-ul de autentificare: Ioan Popescu
2026-07-03 00:21:59 [http-nio-8080-exec-10] INFO  c.u.management.aspects.LoggingAspect - AOP-LOG [SUCCESS]: Metoda MedicalServiceService.getAllServices() s-a finalizat cu succes. Rezultat returnat: [com.unibuc.management.entities.MedicalService@18af5b9a, com.unibuc.management.entities.MedicalService@6944bcd9, com.unibuc.management.entities.MedicalService@5f7078cc]
2026-07-03 00:21:59 [http-nio-8080-exec-1] INFO  c.u.management.aspects.LoggingAspect - AOP-LOG [SUCCESS]: Metoda PatientService.getPatientByUsername() s-a finalizat cu succes. Rezultat returnat: com.unibuc.management.entities.Patient@cfd610
2026-07-03 00:21:59 [http-nio-8080-exec-1] INFO  c.u.management.aspects.LoggingAspect - AOP-LOG [START]: Se execută metoda AppointmentService.getAppointmentsByPatientIdPaged() cu argumentele: [1, Page request [number: 1, size 5, sort: appointmentFrom: ASC]]
2026-07-03 00:21:59 [http-nio-8080-exec-1] DEBUG c.u.m.services.AppointmentService - Preluare paginată a programărilor pentru pacientul ID: 1
2026-07-03 00:21:59 [http-nio-8080-exec-1] INFO  c.u.management.aspects.LoggingAspect - AOP-LOG [SUCCESS]: Metoda AppointmentService.getAppointmentsByPatientIdPaged() s-a finalizat cu succes. Rezultat returnat: Page 2 of 3 containing com.unibuc.management.entities.Appointment instances
2026-07-03 00:22:01 [http-nio-8080-exec-8] INFO  c.u.management.aspects.LoggingAspect - AOP-LOG [START]: Se execută metoda MedicalServiceService.getAllServices() cu argumentele: []
2026-07-03 00:22:01 [http-nio-8080-exec-8] DEBUG c.u.m.services.MedicalServiceService - Se preia lista completă a serviciilor medicale.
2026-07-03 00:22:01 [http-nio-8080-exec-2] INFO  c.u.management.aspects.LoggingAspect - AOP-LOG [START]: Se execută metoda PatientService.getPatientByUsername() cu argumentele: [Ioan Popescu]
2026-07-03 00:22:01 [http-nio-8080-exec-2] DEBUG c.u.m.services.PatientService - Căutare pacient după username-ul de autentificare: Ioan Popescu
2026-07-03 00:22:01 [http-nio-8080-exec-8] INFO  c.u.management.aspects.LoggingAspect - AOP-LOG [SUCCESS]: Metoda MedicalServiceService.getAllServices() s-a finalizat cu succes. Rezultat returnat: [com.unibuc.management.entities.MedicalService@18eacd1a, com.unibuc.management.entities.MedicalService@2b1779cb, com.unibuc.management.entities.MedicalService@2d0a625]
2026-07-03 00:22:01 [http-nio-8080-exec-2] INFO  c.u.management.aspects.LoggingAspect - AOP-LOG [SUCCESS]: Metoda PatientService.getPatientByUsername() s-a finalizat cu succes. Rezultat returnat: com.unibuc.management.entities.Patient@3e8f29ba
2026-07-03 00:22:01 [http-nio-8080-exec-2] INFO  c.u.management.aspects.LoggingAspect - AOP-LOG [START]: Se execută metoda AppointmentService.getAppointmentsByPatientIdPaged() cu argumentele: [1, Page request [number: 0, size 5, sort: appointmentFrom: ASC]]
2026-07-03 00:22:01 [http-nio-8080-exec-2] DEBUG c.u.m.services.AppointmentService - Preluare paginată a programărilor pentru pacientul ID: 1
2026-07-03 00:22:01 [http-nio-8080-exec-2] INFO  c.u.management.aspects.LoggingAspect - AOP-LOG [SUCCESS]: Metoda AppointmentService.getAppointmentsByPatientIdPaged() s-a finalizat cu succes. Rezultat returnat: Page 1 of 3 containing com.unibuc.management.entities.Appointment instances
2026-07-03 00:22:17 [http-nio-8080-exec-5] INFO  c.u.management.aspects.LoggingAspect - AOP-LOG [START]: Se execută metoda PatientService.getPatientById() cu argumentele: [1]
2026-07-03 00:22:17 [http-nio-8080-exec-5] DEBUG c.u.m.services.PatientService - Căutare pacient după ID: 1
2026-07-03 00:22:17 [http-nio-8080-exec-5] INFO  c.u.management.aspects.LoggingAspect - AOP-LOG [SUCCESS]: Metoda PatientService.getPatientById() s-a finalizat cu succes. Rezultat returnat: com.unibuc.management.entities.Patient@75a86f7a
2026-07-03 00:22:17 [http-nio-8080-exec-7] INFO  c.u.management.aspects.LoggingAspect - AOP-LOG [START]: Se execută metoda PatientService.getPatientById() cu argumentele: [1]
2026-07-03 00:22:17 [http-nio-8080-exec-7] DEBUG c.u.m.services.PatientService - Căutare pacient după ID: 1
2026-07-03 00:22:17 [http-nio-8080-exec-7] INFO  c.u.management.aspects.LoggingAspect - AOP-LOG [SUCCESS]: Metoda PatientService.getPatientById() s-a finalizat cu succes. Rezultat returnat: com.unibuc.management.entities.Patient@586fee8d
2026-07-03 00:22:19 [http-nio-8080-exec-4] INFO  c.u.management.aspects.LoggingAspect - AOP-LOG [START]: Se execută metoda DoctorService.getDoctorsPaged() cu argumentele: [Page request [number: 0, size 5, sort: name: ASC]]
2026-07-03 00:22:19 [http-nio-8080-exec-4] DEBUG c.u.m.services.DoctorService - Se solicită lista paginată de doctori folosind structura Pageable.
2026-07-03 00:22:19 [http-nio-8080-exec-4] INFO  c.u.management.aspects.LoggingAspect - AOP-LOG [SUCCESS]: Metoda DoctorService.getDoctorsPaged() s-a finalizat cu succes. Rezultat returnat: Page 1 of 2 containing com.unibuc.management.entities.Doctor instances
2026-07-03 00:22:20 [http-nio-8080-exec-3] INFO  c.u.management.aspects.LoggingAspect - AOP-LOG [START]: Se execută metoda DoctorService.getDoctorsPaged() cu argumentele: [Page request [number: 0, size 5, sort: name: ASC]]
2026-07-03 00:22:20 [http-nio-8080-exec-3] DEBUG c.u.m.services.DoctorService - Se solicită lista paginată de doctori folosind structura Pageable.
2026-07-03 00:22:20 [http-nio-8080-exec-3] INFO  c.u.management.aspects.LoggingAspect - AOP-LOG [SUCCESS]: Metoda DoctorService.getDoctorsPaged() s-a finalizat cu succes. Rezultat returnat: Page 1 of 2 containing com.unibuc.management.entities.Doctor instances
2026-07-03 00:22:23 [http-nio-8080-exec-6] INFO  c.u.management.aspects.LoggingAspect - AOP-LOG [START]: Se execută metoda DoctorService.getDoctorsPaged() cu argumentele: [Page request [number: 1, size 5, sort: name: ASC]]
2026-07-03 00:22:23 [http-nio-8080-exec-6] DEBUG c.u.m.services.DoctorService - Se solicită lista paginată de doctori folosind structura Pageable.
2026-07-03 00:22:23 [http-nio-8080-exec-6] INFO  c.u.management.aspects.LoggingAspect - AOP-LOG [SUCCESS]: Metoda DoctorService.getDoctorsPaged() s-a finalizat cu succes. Rezultat returnat: Page 2 of 2 containing com.unibuc.management.entities.Doctor instances
2026-07-03 00:22:24 [http-nio-8080-exec-9] INFO  c.u.management.aspects.LoggingAspect - AOP-LOG [START]: Se execută metoda DoctorService.getDoctorsPaged() cu argumentele: [Page request [number: 0, size 5, sort: name: ASC]]
2026-07-03 00:22:24 [http-nio-8080-exec-9] DEBUG c.u.m.services.DoctorService - Se solicită lista paginată de doctori folosind structura Pageable.
2026-07-03 00:22:24 [http-nio-8080-exec-9] INFO  c.u.management.aspects.LoggingAspect - AOP-LOG [SUCCESS]: Metoda DoctorService.getDoctorsPaged() s-a finalizat cu succes. Rezultat returnat: Page 1 of 2 containing com.unibuc.management.entities.Doctor instances
2026-07-03 00:22:25 [http-nio-8080-exec-10] INFO  c.u.management.aspects.LoggingAspect - AOP-LOG [START]: Se execută metoda DoctorService.getDoctorsPaged() cu argumentele: [Page request [number: 0, size 5, sort: office: ASC]]
2026-07-03 00:22:25 [http-nio-8080-exec-10] DEBUG c.u.m.services.DoctorService - Se solicită lista paginată de doctori folosind structura Pageable.
2026-07-03 00:22:25 [http-nio-8080-exec-10] INFO  c.u.management.aspects.LoggingAspect - AOP-LOG [SUCCESS]: Metoda DoctorService.getDoctorsPaged() s-a finalizat cu succes. Rezultat returnat: Page 1 of 2 containing com.unibuc.management.entities.Doctor instances
2026-07-03 00:22:26 [http-nio-8080-exec-1] INFO  c.u.management.aspects.LoggingAspect - AOP-LOG [START]: Se execută metoda DoctorService.getDoctorsPaged() cu argumentele: [Page request [number: 0, size 5, sort: office: DESC]]
2026-07-03 00:22:26 [http-nio-8080-exec-1] DEBUG c.u.m.services.DoctorService - Se solicită lista paginată de doctori folosind structura Pageable.
2026-07-03 00:22:26 [http-nio-8080-exec-1] INFO  c.u.management.aspects.LoggingAspect - AOP-LOG [SUCCESS]: Metoda DoctorService.getDoctorsPaged() s-a finalizat cu succes. Rezultat returnat: Page 1 of 2 containing com.unibuc.management.entities.Doctor instances
2026-07-03 00:22:26 [http-nio-8080-exec-8] INFO  c.u.management.aspects.LoggingAspect - AOP-LOG [START]: Se execută metoda DoctorService.getDoctorsPaged() cu argumentele: [Page request [number: 0, size 5, sort: name: ASC]]
2026-07-03 00:22:26 [http-nio-8080-exec-8] DEBUG c.u.m.services.DoctorService - Se solicită lista paginată de doctori folosind structura Pageable.
2026-07-03 00:22:26 [http-nio-8080-exec-8] INFO  c.u.management.aspects.LoggingAspect - AOP-LOG [SUCCESS]: Metoda DoctorService.getDoctorsPaged() s-a finalizat cu succes. Rezultat returnat: Page 1 of 2 containing com.unibuc.management.entities.Doctor instances
2026-07-03 00:22:27 [http-nio-8080-exec-2] INFO  c.u.management.aspects.LoggingAspect - AOP-LOG [START]: Se execută metoda DoctorService.getDoctorsPaged() cu argumentele: [Page request [number: 0, size 5, sort: name: DESC]]
2026-07-03 00:22:27 [http-nio-8080-exec-2] DEBUG c.u.m.services.DoctorService - Se solicită lista paginată de doctori folosind structura Pageable.
2026-07-03 00:22:27 [http-nio-8080-exec-2] INFO  c.u.management.aspects.LoggingAspect - AOP-LOG [SUCCESS]: Metoda DoctorService.getDoctorsPaged() s-a finalizat cu succes. Rezultat returnat: Page 1 of 2 containing com.unibuc.management.entities.Doctor instances
2026-07-03 00:22:29 [http-nio-8080-exec-5] INFO  c.u.management.aspects.LoggingAspect - AOP-LOG [START]: Se execută metoda PatientService.getPatientById() cu argumentele: [1]
2026-07-03 00:22:29 [http-nio-8080-exec-5] DEBUG c.u.m.services.PatientService - Căutare pacient după ID: 1
2026-07-03 00:22:29 [http-nio-8080-exec-5] INFO  c.u.management.aspects.LoggingAspect - AOP-LOG [SUCCESS]: Metoda PatientService.getPatientById() s-a finalizat cu succes. Rezultat returnat: com.unibuc.management.entities.Patient@1206694a
2026-07-03 00:22:29 [http-nio-8080-exec-7] INFO  c.u.management.aspects.LoggingAspect - AOP-LOG [START]: Se execută metoda PatientService.getPatientById() cu argumentele: [1]
2026-07-03 00:22:29 [http-nio-8080-exec-7] DEBUG c.u.m.services.PatientService - Căutare pacient după ID: 1
2026-07-03 00:22:29 [http-nio-8080-exec-7] INFO  c.u.management.aspects.LoggingAspect - AOP-LOG [SUCCESS]: Metoda PatientService.getPatientById() s-a finalizat cu succes. Rezultat returnat: com.unibuc.management.entities.Patient@14c95b3d
2026-07-03 00:22:32 [http-nio-8080-exec-4] INFO  c.u.management.aspects.LoggingAspect - AOP-LOG [START]: Se execută metoda PatientService.getPatientByUsername() cu argumentele: [Ioan Popescu]
2026-07-03 00:22:32 [http-nio-8080-exec-4] DEBUG c.u.m.services.PatientService - Căutare pacient după username-ul de autentificare: Ioan Popescu
2026-07-03 00:22:32 [http-nio-8080-exec-3] INFO  c.u.management.aspects.LoggingAspect - AOP-LOG [START]: Se execută metoda MedicalServiceService.getAllServices() cu argumentele: []
2026-07-03 00:22:32 [http-nio-8080-exec-3] DEBUG c.u.m.services.MedicalServiceService - Se preia lista completă a serviciilor medicale.
2026-07-03 00:22:32 [http-nio-8080-exec-3] INFO  c.u.management.aspects.LoggingAspect - AOP-LOG [SUCCESS]: Metoda MedicalServiceService.getAllServices() s-a finalizat cu succes. Rezultat returnat: [com.unibuc.management.entities.MedicalService@3c7bb68e, com.unibuc.management.entities.MedicalService@1777cf9f, com.unibuc.management.entities.MedicalService@5ba07de]
2026-07-03 00:22:32 [http-nio-8080-exec-4] INFO  c.u.management.aspects.LoggingAspect - AOP-LOG [SUCCESS]: Metoda PatientService.getPatientByUsername() s-a finalizat cu succes. Rezultat returnat: com.unibuc.management.entities.Patient@1a01e417
2026-07-03 00:22:32 [http-nio-8080-exec-4] INFO  c.u.management.aspects.LoggingAspect - AOP-LOG [START]: Se execută metoda AppointmentService.getAppointmentsByPatientIdPaged() cu argumentele: [1, Page request [number: 0, size 5, sort: appointmentFrom: ASC]]
2026-07-03 00:22:32 [http-nio-8080-exec-4] DEBUG c.u.m.services.AppointmentService - Preluare paginată a programărilor pentru pacientul ID: 1
2026-07-03 00:22:32 [http-nio-8080-exec-6] INFO  c.u.management.aspects.LoggingAspect - AOP-LOG [START]: Se execută metoda MedicalServiceService.getAllServices() cu argumentele: []
2026-07-03 00:22:32 [http-nio-8080-exec-6] DEBUG c.u.m.services.MedicalServiceService - Se preia lista completă a serviciilor medicale.
2026-07-03 00:22:32 [http-nio-8080-exec-6] INFO  c.u.management.aspects.LoggingAspect - AOP-LOG [SUCCESS]: Metoda MedicalServiceService.getAllServices() s-a finalizat cu succes. Rezultat returnat: [com.unibuc.management.entities.MedicalService@411a43e5, com.unibuc.management.entities.MedicalService@3ed273c0, com.unibuc.management.entities.MedicalService@6bfced3c]
2026-07-03 00:22:32 [http-nio-8080-exec-4] INFO  c.u.management.aspects.LoggingAspect - AOP-LOG [SUCCESS]: Metoda AppointmentService.getAppointmentsByPatientIdPaged() s-a finalizat cu succes. Rezultat returnat: Page 1 of 3 containing com.unibuc.management.entities.Appointment instances
2026-07-03 00:22:32 [http-nio-8080-exec-9] INFO  c.u.management.aspects.LoggingAspect - AOP-LOG [START]: Se execută metoda PatientService.getPatientByUsername() cu argumentele: [Ioan Popescu]
2026-07-03 00:22:32 [http-nio-8080-exec-9] DEBUG c.u.m.services.PatientService - Căutare pacient după username-ul de autentificare: Ioan Popescu
2026-07-03 00:22:32 [http-nio-8080-exec-9] INFO  c.u.management.aspects.LoggingAspect - AOP-LOG [SUCCESS]: Metoda PatientService.getPatientByUsername() s-a finalizat cu succes. Rezultat returnat: com.unibuc.management.entities.Patient@63402e69
2026-07-03 00:22:32 [http-nio-8080-exec-9] INFO  c.u.management.aspects.LoggingAspect - AOP-LOG [START]: Se execută metoda AppointmentService.getAppointmentsByPatientIdPaged() cu argumentele: [1, Page request [number: 0, size 5, sort: appointmentFrom: ASC]]
2026-07-03 00:22:32 [http-nio-8080-exec-9] DEBUG c.u.m.services.AppointmentService - Preluare paginată a programărilor pentru pacientul ID: 1
2026-07-03 00:22:32 [http-nio-8080-exec-9] INFO  c.u.management.aspects.LoggingAspect - AOP-LOG [SUCCESS]: Metoda AppointmentService.getAppointmentsByPatientIdPaged() s-a finalizat cu succes. Rezultat returnat: Page 1 of 3 containing com.unibuc.management.entities.Appointment instances
2026-07-03 00:22:33 [http-nio-8080-exec-1] INFO  c.u.management.aspects.LoggingAspect - AOP-LOG [START]: Se execută metoda MedicalServiceService.getAllServices() cu argumentele: []
2026-07-03 00:22:33 [http-nio-8080-exec-1] DEBUG c.u.m.services.MedicalServiceService - Se preia lista completă a serviciilor medicale.
2026-07-03 00:22:33 [http-nio-8080-exec-10] INFO  c.u.management.aspects.LoggingAspect - AOP-LOG [START]: Se execută metoda PatientService.getPatientByUsername() cu argumentele: [Ioan Popescu]
2026-07-03 00:22:33 [http-nio-8080-exec-10] DEBUG c.u.m.services.PatientService - Căutare pacient după username-ul de autentificare: Ioan Popescu
2026-07-03 00:22:33 [http-nio-8080-exec-1] INFO  c.u.management.aspects.LoggingAspect - AOP-LOG [SUCCESS]: Metoda MedicalServiceService.getAllServices() s-a finalizat cu succes. Rezultat returnat: [com.unibuc.management.entities.MedicalService@541f9ab4, com.unibuc.management.entities.MedicalService@618e99a9, com.unibuc.management.entities.MedicalService@1d0a2109]
2026-07-03 00:22:33 [http-nio-8080-exec-10] INFO  c.u.management.aspects.LoggingAspect - AOP-LOG [SUCCESS]: Metoda PatientService.getPatientByUsername() s-a finalizat cu succes. Rezultat returnat: com.unibuc.management.entities.Patient@2778ca58
2026-07-03 00:22:33 [http-nio-8080-exec-10] INFO  c.u.management.aspects.LoggingAspect - AOP-LOG [START]: Se execută metoda AppointmentService.getAppointmentsByPatientIdPaged() cu argumentele: [1, Page request [number: 1, size 5, sort: appointmentFrom: ASC]]
2026-07-03 00:22:33 [http-nio-8080-exec-10] DEBUG c.u.m.services.AppointmentService - Preluare paginată a programărilor pentru pacientul ID: 1
2026-07-03 00:22:33 [http-nio-8080-exec-10] INFO  c.u.management.aspects.LoggingAspect - AOP-LOG [SUCCESS]: Metoda AppointmentService.getAppointmentsByPatientIdPaged() s-a finalizat cu succes. Rezultat returnat: Page 2 of 3 containing com.unibuc.management.entities.Appointment instances
2026-07-03 00:22:34 [http-nio-8080-exec-8] INFO  c.u.management.aspects.LoggingAspect - AOP-LOG [START]: Se execută metoda PaymentService.getPaymentsByPatientId() cu argumentele: [1]
2026-07-03 00:22:34 [http-nio-8080-exec-8] DEBUG c.u.m.services.PaymentService - Se preia istoricul plăților pentru pacientul cu ID-ul: 1
2026-07-03 00:22:34 [http-nio-8080-exec-8] INFO  c.u.management.aspects.LoggingAspect - AOP-LOG [SUCCESS]: Metoda PaymentService.getPaymentsByPatientId() s-a finalizat cu succes. Rezultat returnat: [com.unibuc.management.entities.Payment@5040047d, com.unibuc.management.entities.Payment@4a4cb225, com.unibuc.management.entities.Payment@46bc9275, com.unibuc.management.entities.Payment@7bea4a34, com.unibuc.management.entities.Payment@6d22dfcf, com.unibuc.management.entities.Payment@280bd337, com.unibuc.management.entities.Payment@ee51d63, com.unibuc.management.entities.Payment@4a8e29a4, com.unibuc.management.entities.Payment@50224501, com.unibuc.management.entities.Payment@51b339b7, com.unibuc.management.entities.Payment@51ee7bbb]
2026-07-03 00:22:34 [http-nio-8080-exec-2] INFO  c.u.management.aspects.LoggingAspect - AOP-LOG [START]: Se execută metoda PaymentService.getPaymentsByPatientId() cu argumentele: [1]
2026-07-03 00:22:34 [http-nio-8080-exec-2] DEBUG c.u.m.services.PaymentService - Se preia istoricul plăților pentru pacientul cu ID-ul: 1
2026-07-03 00:22:34 [http-nio-8080-exec-2] INFO  c.u.management.aspects.LoggingAspect - AOP-LOG [SUCCESS]: Metoda PaymentService.getPaymentsByPatientId() s-a finalizat cu succes. Rezultat returnat: [com.unibuc.management.entities.Payment@2b9c331e, com.unibuc.management.entities.Payment@48ad06aa, com.unibuc.management.entities.Payment@4f59c8cb, com.unibuc.management.entities.Payment@62dbe773, com.unibuc.management.entities.Payment@2777df30, com.unibuc.management.entities.Payment@2638399e, com.unibuc.management.entities.Payment@12b0e7ee, com.unibuc.management.entities.Payment@504c95f3, com.unibuc.management.entities.Payment@387a48d, com.unibuc.management.entities.Payment@9665318, com.unibuc.management.entities.Payment@3af5a472]
2026-07-03 00:22:37 [http-nio-8080-exec-5] INFO  c.u.management.aspects.LoggingAspect - AOP-LOG [START]: Se execută metoda MedicalServiceService.getAllServices() cu argumentele: []
2026-07-03 00:22:37 [http-nio-8080-exec-5] DEBUG c.u.m.services.MedicalServiceService - Se preia lista completă a serviciilor medicale.
2026-07-03 00:22:37 [http-nio-8080-exec-7] INFO  c.u.management.aspects.LoggingAspect - AOP-LOG [START]: Se execută metoda InsuranceProviderService.getAllInsuranceProviders() cu argumentele: []
2026-07-03 00:22:37 [http-nio-8080-exec-7] DEBUG c.u.m.s.InsuranceProviderService - Se preia lista completă a asiguratorilor.
2026-07-03 00:22:37 [http-nio-8080-exec-5] INFO  c.u.management.aspects.LoggingAspect - AOP-LOG [SUCCESS]: Metoda MedicalServiceService.getAllServices() s-a finalizat cu succes. Rezultat returnat: [com.unibuc.management.entities.MedicalService@6f24aa8d, com.unibuc.management.entities.MedicalService@3d82294, com.unibuc.management.entities.MedicalService@44cd1e39]
2026-07-03 00:22:37 [http-nio-8080-exec-7] INFO  c.u.management.aspects.LoggingAspect - AOP-LOG [SUCCESS]: Metoda InsuranceProviderService.getAllInsuranceProviders() s-a finalizat cu succes. Rezultat returnat: [com.unibuc.management.entities.InsuranceProvider@2d49ce50, com.unibuc.management.entities.InsuranceProvider@6cf50477]
2026-07-03 00:22:37 [http-nio-8080-exec-3] INFO  c.u.management.aspects.LoggingAspect - AOP-LOG [START]: Se execută metoda InsuranceProviderService.getAllInsuranceProviders() cu argumentele: []
2026-07-03 00:22:37 [http-nio-8080-exec-3] DEBUG c.u.m.s.InsuranceProviderService - Se preia lista completă a asiguratorilor.
2026-07-03 00:22:37 [http-nio-8080-exec-3] INFO  c.u.management.aspects.LoggingAspect - AOP-LOG [SUCCESS]: Metoda InsuranceProviderService.getAllInsuranceProviders() s-a finalizat cu succes. Rezultat returnat: [com.unibuc.management.entities.InsuranceProvider@176b7aa4, com.unibuc.management.entities.InsuranceProvider@1742980a]
2026-07-03 00:22:37 [http-nio-8080-exec-6] INFO  c.u.management.aspects.LoggingAspect - AOP-LOG [START]: Se execută metoda MedicalServiceService.getAllServices() cu argumentele: []
2026-07-03 00:22:37 [http-nio-8080-exec-6] DEBUG c.u.m.services.MedicalServiceService - Se preia lista completă a serviciilor medicale.
2026-07-03 00:22:37 [http-nio-8080-exec-6] INFO  c.u.management.aspects.LoggingAspect - AOP-LOG [SUCCESS]: Metoda MedicalServiceService.getAllServices() s-a finalizat cu succes. Rezultat returnat: [com.unibuc.management.entities.MedicalService@6f7583c6, com.unibuc.management.entities.MedicalService@15099d23, com.unibuc.management.entities.MedicalService@19523ddc]
2026-07-03 00:22:38 [http-nio-8080-exec-4] INFO  c.u.management.aspects.LoggingAspect - AOP-LOG [START]: Se execută metoda PatientService.getPatientByUsername() cu argumentele: [Ioan Popescu]
2026-07-03 00:22:38 [http-nio-8080-exec-4] DEBUG c.u.m.services.PatientService - Căutare pacient după username-ul de autentificare: Ioan Popescu
2026-07-03 00:22:38 [http-nio-8080-exec-9] INFO  c.u.management.aspects.LoggingAspect - AOP-LOG [START]: Se execută metoda MedicalServiceService.getAllServices() cu argumentele: []
2026-07-03 00:22:38 [http-nio-8080-exec-9] DEBUG c.u.m.services.MedicalServiceService - Se preia lista completă a serviciilor medicale.
2026-07-03 00:22:38 [http-nio-8080-exec-4] INFO  c.u.management.aspects.LoggingAspect - AOP-LOG [SUCCESS]: Metoda PatientService.getPatientByUsername() s-a finalizat cu succes. Rezultat returnat: com.unibuc.management.entities.Patient@78747345
2026-07-03 00:22:38 [http-nio-8080-exec-4] INFO  c.u.management.aspects.LoggingAspect - AOP-LOG [START]: Se execută metoda AppointmentService.getAppointmentsByPatientIdPaged() cu argumentele: [1, Page request [number: 0, size 5, sort: appointmentFrom: ASC]]
2026-07-03 00:22:38 [http-nio-8080-exec-4] DEBUG c.u.m.services.AppointmentService - Preluare paginată a programărilor pentru pacientul ID: 1
2026-07-03 00:22:38 [http-nio-8080-exec-9] INFO  c.u.management.aspects.LoggingAspect - AOP-LOG [SUCCESS]: Metoda MedicalServiceService.getAllServices() s-a finalizat cu succes. Rezultat returnat: [com.unibuc.management.entities.MedicalService@6c2c8c49, com.unibuc.management.entities.MedicalService@4b3b8521, com.unibuc.management.entities.MedicalService@d52d2b0]
2026-07-03 00:22:38 [http-nio-8080-exec-4] INFO  c.u.management.aspects.LoggingAspect - AOP-LOG [SUCCESS]: Metoda AppointmentService.getAppointmentsByPatientIdPaged() s-a finalizat cu succes. Rezultat returnat: Page 1 of 3 containing com.unibuc.management.entities.Appointment instances
2026-07-03 00:22:38 [http-nio-8080-exec-1] INFO  c.u.management.aspects.LoggingAspect - AOP-LOG [START]: Se execută metoda MedicalServiceService.getAllServices() cu argumentele: []
2026-07-03 00:22:38 [http-nio-8080-exec-1] DEBUG c.u.m.services.MedicalServiceService - Se preia lista completă a serviciilor medicale.
2026-07-03 00:22:38 [http-nio-8080-exec-1] INFO  c.u.management.aspects.LoggingAspect - AOP-LOG [SUCCESS]: Metoda MedicalServiceService.getAllServices() s-a finalizat cu succes. Rezultat returnat: [com.unibuc.management.entities.MedicalService@23ae6476, com.unibuc.management.entities.MedicalService@29332c21, com.unibuc.management.entities.MedicalService@5f4b5746]
2026-07-03 00:22:38 [http-nio-8080-exec-10] INFO  c.u.management.aspects.LoggingAspect - AOP-LOG [START]: Se execută metoda PatientService.getPatientByUsername() cu argumentele: [Ioan Popescu]
2026-07-03 00:22:38 [http-nio-8080-exec-10] DEBUG c.u.m.services.PatientService - Căutare pacient după username-ul de autentificare: Ioan Popescu
2026-07-03 00:22:38 [http-nio-8080-exec-10] INFO  c.u.management.aspects.LoggingAspect - AOP-LOG [SUCCESS]: Metoda PatientService.getPatientByUsername() s-a finalizat cu succes. Rezultat returnat: com.unibuc.management.entities.Patient@3dd52b9b
2026-07-03 00:22:38 [http-nio-8080-exec-10] INFO  c.u.management.aspects.LoggingAspect - AOP-LOG [START]: Se execută metoda AppointmentService.getAppointmentsByPatientIdPaged() cu argumentele: [1, Page request [number: 0, size 5, sort: appointmentFrom: ASC]]
2026-07-03 00:22:38 [http-nio-8080-exec-10] DEBUG c.u.m.services.AppointmentService - Preluare paginată a programărilor pentru pacientul ID: 1
2026-07-03 00:22:38 [http-nio-8080-exec-10] INFO  c.u.management.aspects.LoggingAspect - AOP-LOG [SUCCESS]: Metoda AppointmentService.getAppointmentsByPatientIdPaged() s-a finalizat cu succes. Rezultat returnat: Page 1 of 3 containing com.unibuc.management.entities.Appointment instances
2026-07-03 00:22:39 [http-nio-8080-exec-8] INFO  c.u.management.aspects.LoggingAspect - AOP-LOG [START]: Se execută metoda PaymentService.getPaymentsByPatientId() cu argumentele: [1]
2026-07-03 00:22:39 [http-nio-8080-exec-8] DEBUG c.u.m.services.PaymentService - Se preia istoricul plăților pentru pacientul cu ID-ul: 1
2026-07-03 00:22:39 [http-nio-8080-exec-8] INFO  c.u.management.aspects.LoggingAspect - AOP-LOG [SUCCESS]: Metoda PaymentService.getPaymentsByPatientId() s-a finalizat cu succes. Rezultat returnat: [com.unibuc.management.entities.Payment@14ef64be, com.unibuc.management.entities.Payment@3848fb0e, com.unibuc.management.entities.Payment@72b27aae, com.unibuc.management.entities.Payment@1cd89f9, com.unibuc.management.entities.Payment@6fce8bbb, com.unibuc.management.entities.Payment@7433a83, com.unibuc.management.entities.Payment@56e494ad, com.unibuc.management.entities.Payment@3a9c15c5, com.unibuc.management.entities.Payment@29d092bc, com.unibuc.management.entities.Payment@3aba63f3, com.unibuc.management.entities.Payment@761a7115]
2026-07-03 00:22:39 [http-nio-8080-exec-2] INFO  c.u.management.aspects.LoggingAspect - AOP-LOG [START]: Se execută metoda PaymentService.getPaymentsByPatientId() cu argumentele: [1]
2026-07-03 00:22:39 [http-nio-8080-exec-2] DEBUG c.u.m.services.PaymentService - Se preia istoricul plăților pentru pacientul cu ID-ul: 1
2026-07-03 00:22:39 [http-nio-8080-exec-2] INFO  c.u.management.aspects.LoggingAspect - AOP-LOG [SUCCESS]: Metoda PaymentService.getPaymentsByPatientId() s-a finalizat cu succes. Rezultat returnat: [com.unibuc.management.entities.Payment@212cd984, com.unibuc.management.entities.Payment@d1325ce, com.unibuc.management.entities.Payment@72f5a1eb, com.unibuc.management.entities.Payment@6c6402ef, com.unibuc.management.entities.Payment@52b0230e, com.unibuc.management.entities.Payment@2aae75a, com.unibuc.management.entities.Payment@2c56b1c8, com.unibuc.management.entities.Payment@2aa9ddee, com.unibuc.management.entities.Payment@6f4f822e, com.unibuc.management.entities.Payment@6cb3cf3e, com.unibuc.management.entities.Payment@5e94fd8]
2026-07-03 00:22:40 [http-nio-8080-exec-7] INFO  c.u.management.aspects.LoggingAspect - AOP-LOG [START]: Se execută metoda PatientService.getPatientById() cu argumentele: [1]
2026-07-03 00:22:40 [http-nio-8080-exec-7] DEBUG c.u.m.services.PatientService - Căutare pacient după ID: 1
2026-07-03 00:22:40 [http-nio-8080-exec-7] INFO  c.u.management.aspects.LoggingAspect - AOP-LOG [SUCCESS]: Metoda PatientService.getPatientById() s-a finalizat cu succes. Rezultat returnat: com.unibuc.management.entities.Patient@6faf7d87
2026-07-03 00:22:40 [http-nio-8080-exec-5] INFO  c.u.management.aspects.LoggingAspect - AOP-LOG [START]: Se execută metoda PatientService.getPatientById() cu argumentele: [1]
2026-07-03 00:22:40 [http-nio-8080-exec-5] DEBUG c.u.m.services.PatientService - Căutare pacient după ID: 1
2026-07-03 00:22:40 [http-nio-8080-exec-5] INFO  c.u.management.aspects.LoggingAspect - AOP-LOG [SUCCESS]: Metoda PatientService.getPatientById() s-a finalizat cu succes. Rezultat returnat: com.unibuc.management.entities.Patient@779c0ac4
2026-07-03 00:22:41 [http-nio-8080-exec-3] INFO  c.u.management.aspects.LoggingAspect - AOP-LOG [START]: Se execută metoda DoctorService.getDoctorsPaged() cu argumentele: [Page request [number: 0, size 5, sort: name: ASC]]
2026-07-03 00:22:41 [http-nio-8080-exec-3] DEBUG c.u.m.services.DoctorService - Se solicită lista paginată de doctori folosind structura Pageable.
2026-07-03 00:22:41 [http-nio-8080-exec-3] INFO  c.u.management.aspects.LoggingAspect - AOP-LOG [SUCCESS]: Metoda DoctorService.getDoctorsPaged() s-a finalizat cu succes. Rezultat returnat: Page 1 of 2 containing com.unibuc.management.entities.Doctor instances
2026-07-03 00:22:41 [http-nio-8080-exec-6] INFO  c.u.management.aspects.LoggingAspect - AOP-LOG [START]: Se execută metoda DoctorService.getDoctorsPaged() cu argumentele: [Page request [number: 0, size 5, sort: name: ASC]]
2026-07-03 00:22:41 [http-nio-8080-exec-6] DEBUG c.u.m.services.DoctorService - Se solicită lista paginată de doctori folosind structura Pageable.
2026-07-03 00:22:41 [http-nio-8080-exec-6] INFO  c.u.management.aspects.LoggingAspect - AOP-LOG [SUCCESS]: Metoda DoctorService.getDoctorsPaged() s-a finalizat cu succes. Rezultat returnat: Page 1 of 2 containing com.unibuc.management.entities.Doctor instances
2026-07-03 00:22:41 [http-nio-8080-exec-9] INFO  c.u.management.aspects.LoggingAspect - AOP-LOG [START]: Se execută metoda PatientService.getPatientById() cu argumentele: [1]
2026-07-03 00:22:41 [http-nio-8080-exec-9] DEBUG c.u.m.services.PatientService - Căutare pacient după ID: 1
2026-07-03 00:22:41 [http-nio-8080-exec-9] INFO  c.u.management.aspects.LoggingAspect - AOP-LOG [SUCCESS]: Metoda PatientService.getPatientById() s-a finalizat cu succes. Rezultat returnat: com.unibuc.management.entities.Patient@10a58edc
2026-07-03 00:22:41 [http-nio-8080-exec-4] INFO  c.u.management.aspects.LoggingAspect - AOP-LOG [START]: Se execută metoda PatientService.getPatientById() cu argumentele: [1]
2026-07-03 00:22:41 [http-nio-8080-exec-4] DEBUG c.u.m.services.PatientService - Căutare pacient după ID: 1
2026-07-03 00:22:41 [http-nio-8080-exec-4] INFO  c.u.management.aspects.LoggingAspect - AOP-LOG [SUCCESS]: Metoda PatientService.getPatientById() s-a finalizat cu succes. Rezultat returnat: com.unibuc.management.entities.Patient@f7db37b
2026-07-03 00:22:55 [http-nio-8080-exec-2] INFO  c.u.management.aspects.LoggingAspect - AOP-LOG [START]: Se execută metoda DoctorService.getDoctorByUsername() cu argumentele: [Ioana]
2026-07-03 00:22:55 [http-nio-8080-exec-2] DEBUG c.u.m.services.DoctorService - Căutare doctor după username-ul de autentificare: Ioana
2026-07-03 00:22:55 [http-nio-8080-exec-2] INFO  c.u.management.aspects.LoggingAspect - AOP-LOG [SUCCESS]: Metoda DoctorService.getDoctorByUsername() s-a finalizat cu succes. Rezultat returnat: com.unibuc.management.entities.Doctor@447f81fb
2026-07-03 00:22:56 [http-nio-8080-exec-7] INFO  c.u.management.aspects.LoggingAspect - AOP-LOG [START]: Se execută metoda PatientService.getAllPatientsPaged() cu argumentele: [Page request [number: 0, size 5, sort: name: ASC]]
2026-07-03 00:22:56 [http-nio-8080-exec-7] DEBUG c.u.m.services.PatientService - Se preia lista paginată a pacienților.
2026-07-03 00:22:56 [http-nio-8080-exec-7] INFO  c.u.management.aspects.LoggingAspect - AOP-LOG [SUCCESS]: Metoda PatientService.getAllPatientsPaged() s-a finalizat cu succes. Rezultat returnat: Page 1 of 1 containing com.unibuc.management.entities.Patient instances
2026-07-03 00:22:56 [http-nio-8080-exec-5] INFO  c.u.management.aspects.LoggingAspect - AOP-LOG [START]: Se execută metoda PatientService.getAllPatientsPaged() cu argumentele: [Page request [number: 0, size 5, sort: name: ASC]]
2026-07-03 00:22:56 [http-nio-8080-exec-5] DEBUG c.u.m.services.PatientService - Se preia lista paginată a pacienților.
2026-07-03 00:22:56 [http-nio-8080-exec-5] INFO  c.u.management.aspects.LoggingAspect - AOP-LOG [SUCCESS]: Metoda PatientService.getAllPatientsPaged() s-a finalizat cu succes. Rezultat returnat: Page 1 of 1 containing com.unibuc.management.entities.Patient instances
2026-07-03 00:22:58 [http-nio-8080-exec-3] INFO  c.u.management.aspects.LoggingAspect - AOP-LOG [START]: Se execută metoda PatientService.getAllPatientsPaged() cu argumentele: [Page request [number: 0, size 5, sort: name: DESC]]
2026-07-03 00:22:58 [http-nio-8080-exec-3] DEBUG c.u.m.services.PatientService - Se preia lista paginată a pacienților.
2026-07-03 00:22:58 [http-nio-8080-exec-3] INFO  c.u.management.aspects.LoggingAspect - AOP-LOG [SUCCESS]: Metoda PatientService.getAllPatientsPaged() s-a finalizat cu succes. Rezultat returnat: Page 1 of 1 containing com.unibuc.management.entities.Patient instances
2026-07-03 00:22:59 [http-nio-8080-exec-6] INFO  c.u.management.aspects.LoggingAspect - AOP-LOG [START]: Se execută metoda PatientService.getAllPatientsPaged() cu argumentele: [Page request [number: 0, size 5, sort: name: ASC]]
2026-07-03 00:22:59 [http-nio-8080-exec-6] DEBUG c.u.m.services.PatientService - Se preia lista paginată a pacienților.
2026-07-03 00:22:59 [http-nio-8080-exec-6] INFO  c.u.management.aspects.LoggingAspect - AOP-LOG [SUCCESS]: Metoda PatientService.getAllPatientsPaged() s-a finalizat cu succes. Rezultat returnat: Page 1 of 1 containing com.unibuc.management.entities.Patient instances
2026-07-03 03:27:19 [HikariPool-1 housekeeper] WARN  com.zaxxer.hikari.pool.HikariPool - HikariPool-1 - Thread starvation or clock leap detected (housekeeper delta=3h24s115ms604µs200ns).
2026-07-03 20:33:11 [HikariPool-1 housekeeper] WARN  com.zaxxer.hikari.pool.HikariPool - HikariPool-1 - Thread starvation or clock leap detected (housekeeper delta=17h6m5s75ms321µs400ns).
